Component: ARM Compiler 5.06 update 6 (build 750) Tool: armlink [4d35ed]

==============================================================================

Section Cross References

    startup_stm32f746xx.o(RESET) refers to startup_stm32f746xx.o(STACK) for __initial_sp
    startup_stm32f746xx.o(RESET) refers to startup_stm32f746xx.o(.text) for Reset_Handler
    startup_stm32f746xx.o(RESET) refers to stm32f7xx_it.o(i.NMI_Handler) for NMI_Handler
    startup_stm32f746xx.o(RESET) refers to stm32f7xx_it.o(i.HardFault_Handler) for HardFault_Handler
    startup_stm32f746xx.o(RESET) refers to stm32f7xx_it.o(i.MemManage_Handler) for MemManage_Handler
    startup_stm32f746xx.o(RESET) refers to stm32f7xx_it.o(i.BusFault_Handler) for BusFault_Handler
    startup_stm32f746xx.o(RESET) refers to stm32f7xx_it.o(i.UsageFault_Handler) for UsageFault_Handler
    startup_stm32f746xx.o(RESET) refers to stm32f7xx_it.o(i.SVC_Handler) for SVC_Handler
    startup_stm32f746xx.o(RESET) refers to stm32f7xx_it.o(i.DebugMon_Handler) for DebugMon_Handler
    startup_stm32f746xx.o(RESET) refers to stm32f7xx_it.o(i.PendSV_Handler) for PendSV_Handler
    startup_stm32f746xx.o(RESET) refers to stm32f7xx_it.o(i.TIM6_DAC_IRQHandler) for TIM6_DAC_IRQHandler
    startup_stm32f746xx.o(RESET) refers to stm32f7xx_it.o(i.OTG_FS_IRQHandler) for OTG_FS_IRQHandler
    startup_stm32f746xx.o(RESET) refers to stm32f7xx_it.o(i.LTDC_IRQHandler) for LTDC_IRQHandler
    startup_stm32f746xx.o(RESET) refers to stm32f7xx_it.o(i.DMA2D_IRQHandler) for DMA2D_IRQHandler
    startup_stm32f746xx.o(.text) refers to system_stm32f7xx.o(i.SystemInit) for SystemInit
    startup_stm32f746xx.o(.text) refers to entry.o(.ARM.Collect$$$$00000000) for __main
    network.o(i.ai_network_create) refers to ai_platform_interface.o(i.ai_platform_network_create) for ai_platform_network_create
    network.o(i.ai_network_create) refers to network.o(.data) for .data
    network.o(i.ai_network_destroy) refers to ai_platform_interface.o(i.ai_platform_network_destroy) for ai_platform_network_destroy
    network.o(i.ai_network_forward) refers to ai_platform_interface.o(i.ai_platform_network_process) for ai_platform_network_process
    network.o(i.ai_network_get_error) refers to ai_platform_interface.o(i.ai_platform_network_get_error) for ai_platform_network_get_error
    network.o(i.ai_network_get_info) refers to ai_platform_interface.o(i.ai_platform_context_acquire) for ai_platform_context_acquire
    network.o(i.ai_network_get_info) refers to memcpya.o(.text) for __aeabi_memcpy4
    network.o(i.ai_network_get_info) refers to ai_platform_interface.o(i.ai_platform_runtime_get_revision) for ai_platform_runtime_get_revision
    network.o(i.ai_network_get_info) refers to ai_platform_interface.o(i.ai_platform_runtime_get_version) for ai_platform_runtime_get_version
    network.o(i.ai_network_get_info) refers to ai_platform_interface.o(i.ai_platform_api_get_version) for ai_platform_api_get_version
    network.o(i.ai_network_get_info) refers to ai_platform_interface.o(i.ai_platform_interface_api_get_version) for ai_platform_interface_api_get_version
    network.o(i.ai_network_get_info) refers to ai_platform_interface.o(i.ai_platform_api_get_network_report) for ai_platform_api_get_network_report
    network.o(i.ai_network_get_info) refers to network.o(.constdata) for .constdata
    network.o(i.ai_network_init) refers to ai_platform_interface.o(i.ai_platform_network_init) for ai_platform_network_init
    network.o(i.ai_network_init) refers to network.o(i.network_configure_weights) for network_configure_weights
    network.o(i.ai_network_init) refers to ai_platform_interface.o(i.ai_platform_network_post_init) for ai_platform_network_post_init
    network.o(i.ai_network_init) refers to network.o(.data) for .data
    network.o(i.ai_network_run) refers to ai_platform_interface.o(i.ai_platform_network_process) for ai_platform_network_process
    network.o(i.network_configure_weights) refers to network.o(.data) for .data
    network.o(.constdata) refers to network.o(.data) for <Data33>
    network.o(.constdata) refers to network.o(.data) for <Data38>
    network.o(.constdata) refers to network.o(.data) for <Data43>
    network.o(.constdata) refers to network.o(.data) for <Data48>
    network.o(.constdata) refers to network.o(.data) for <Data53>
    network.o(.constdata) refers to network.o(.data) for <Data58>
    network.o(.constdata) refers to network.o(.conststring) for .conststring
    network.o(.data) refers to network.o(.data) for input_0_output0
    network.o(.data) refers to network.o(.data) for dense_1_output
    network.o(.data) refers to network.o(.data) for dense_1_weights
    network.o(.data) refers to network.o(.data) for dense_1_bias
    network.o(.data) refers to network.o(.data) for <Data29>
    network.o(.data) refers to network.o(.data) for <Data30>
    network.o(.data) refers to network.o(.data) for <Data31>
    network.o(.data) refers to network.o(.data) for <Data32>
[...]
    HAL_NVIC_SetPriority                     0x080032e1   Thumb Code    60  stm32f7xx_hal_cortex.o(i.HAL_NVIC_SetPriority)
    HAL_NVIC_SetPriorityGrouping             0x08003321   Thumb Code    28  stm32f7xx_hal_cortex.o(i.HAL_NVIC_SetPriorityGrouping)
    HAL_PWREx_EnableOverDrive                0x08003345   Thumb Code   100  stm32f7xx_hal_pwr_ex.o(i.HAL_PWREx_EnableOverDrive)
    HAL_PWR_EnableBkUpAccess                 0x080033b1   Thumb Code    12  stm32f7xx_hal_pwr.o(i.HAL_PWR_EnableBkUpAccess)
    HAL_QSPI_Init                            0x080033c1   Thumb Code   184  stm32f7xx_hal_qspi.o(i.HAL_QSPI_Init)
    HAL_QSPI_MspInit                         0x08003481   Thumb Code   190  stm32f7xx_hal_msp.o(i.HAL_QSPI_MspInit)
    HAL_RCCEx_GetPeriphCLKFreq               0x08003555   Thumb Code   268  stm32f7xx_hal_rcc_ex.o(i.HAL_RCCEx_GetPeriphCLKFreq)
    HAL_RCCEx_PeriphCLKConfig                0x08003675   Thumb Code  1276  stm32f7xx_hal_rcc_ex.o(i.HAL_RCCEx_PeriphCLKConfig)
    HAL_RCC_ClockConfig                      0x08003b71   Thumb Code   282  stm32f7xx_hal_rcc.o(i.HAL_RCC_ClockConfig)
    HAL_RCC_GetClockConfig                   0x08003c9d   Thumb Code    56  stm32f7xx_hal_rcc.o(i.HAL_RCC_GetClockConfig)
    HAL_RCC_GetHCLKFreq                      0x08003cdd   Thumb Code     6  stm32f7xx_hal_rcc.o(i.HAL_RCC_GetHCLKFreq)
    HAL_RCC_GetPCLK1Freq                     0x08003ce9   Thumb Code    20  stm32f7xx_hal_rcc.o(i.HAL_RCC_GetPCLK1Freq)
    HAL_RCC_GetPCLK2Freq                     0x08003d09   Thumb Code    20  stm32f7xx_hal_rcc.o(i.HAL_RCC_GetPCLK2Freq)
    HAL_RCC_GetSysClockFreq                  0x08003d29   Thumb Code    88  stm32f7xx_hal_rcc.o(i.HAL_RCC_GetSysClockFreq)
    HAL_RCC_OscConfig                        0x08003d8d   Thumb Code   810  stm32f7xx_hal_rcc.o(i.HAL_RCC_OscConfig)
    HAL_RTCEx_SetTimeStamp                   0x080040c5   Thumb Code    90  stm32f7xx_hal_rtc_ex.o(i.HAL_RTCEx_SetTimeStamp)
    HAL_RTC_Init                             0x08004121   Thumb Code   156  stm32f7xx_hal_rtc.o(i.HAL_RTC_Init)
    HAL_RTC_MspInit                          0x080041c1   Thumb Code    20  stm32f7xx_hal_msp.o(i.HAL_RTC_MspInit)
    HAL_RTC_SetAlarm                         0x080041dd   Thumb Code   362  stm32f7xx_hal_rtc.o(i.HAL_RTC_SetAlarm)
    HAL_RTC_SetDate                          0x08004349   Thumb Code   198  stm32f7xx_hal_rtc.o(i.HAL_RTC_SetDate)
    HAL_RTC_SetTime                          0x08004415   Thumb Code   232  stm32f7xx_hal_rtc.o(i.HAL_RTC_SetTime)
    HAL_RTC_WaitForSynchro                   0x08004501   Thumb Code    54  stm32f7xx_hal_rtc.o(i.HAL_RTC_WaitForSynchro)
    HAL_SAI_Init                             0x08004539   Thumb Code   470  stm32f7xx_hal_sai.o(i.HAL_SAI_Init)
    HAL_SAI_MspInit                          0x08004721   Thumb Code   136  stm32f7xx_hal_msp.o(i.HAL_SAI_MspInit)
    HAL_SDRAM_Init                           0x080047bd   Thumb Code    66  stm32f7xx_hal_sdram.o(i.HAL_SDRAM_Init)
    HAL_SDRAM_MspInit                        0x080047ff   Thumb Code     4  stm32f7xx_hal_msp.o(i.HAL_SDRAM_MspInit)
    HAL_SDRAM_ProgramRefreshRate             0x08004803   Thumb Code    34  stm32f7xx_hal_sdram.o(i.HAL_SDRAM_ProgramRefreshRate)
    HAL_SDRAM_SendCommand                    0x08004825   Thumb Code    48  stm32f7xx_hal_sdram.o(i.HAL_SDRAM_SendCommand)
    HAL_SD_ConfigWideBusOperation            0x08004855   Thumb Code   120  stm32f7xx_hal_sd.o(i.HAL_SD_ConfigWideBusOperation)
    HAL_SD_GetCardCSD                        0x080048cd   Thumb Code   506  stm32f7xx_hal_sd.o(i.HAL_SD_GetCardCSD)
    HAL_SD_Init                              0x08004ac7   Thumb Code    54  stm32f7xx_hal_sd.o(i.HAL_SD_Init)
    HAL_SD_InitCard                          0x08004afd   Thumb Code    92  stm32f7xx_hal_sd.o(i.HAL_SD_InitCard)
    HAL_SD_MspInit                           0x08004b59   Thumb Code   118  stm32f7xx_hal_msp.o(i.HAL_SD_MspInit)
    HAL_SPDIFRX_Init                         0x08004be1   Thumb Code   112  stm32f7xx_hal_spdifrx.o(i.HAL_SPDIFRX_Init)
    HAL_SPDIFRX_MspInit                      0x08004c55   Thumb Code    90  stm32f7xx_hal_msp.o(i.HAL_SPDIFRX_MspInit)
    HAL_SPI_Init                             0x08004cb9   Thumb Code   196  stm32f7xx_hal_spi.o(i.HAL_SPI_Init)
    HAL_SPI_MspInit                          0x08004d7d   Thumb Code   126  stm32f7xx_hal_msp.o(i.HAL_SPI_MspInit)
    HAL_TIMEx_Break2Callback                 0x08004e0d   Thumb Code     2  stm32f7xx_hal_tim_ex.o(i.HAL_TIMEx_Break2Callback)
    HAL_TIMEx_BreakCallback                  0x08004e0f   Thumb Code     2  stm32f7xx_hal_tim_ex.o(i.HAL_TIMEx_BreakCallback)
    HAL_TIMEx_CommutCallback                 0x08004e11   Thumb Code     2  stm32f7xx_hal_tim_ex.o(i.HAL_TIMEx_CommutCallback)
    HAL_TIMEx_ConfigBreakDeadTime            0x08004e15   Thumb Code   150  stm32f7xx_hal_tim_ex.o(i.HAL_TIMEx_ConfigBreakDeadTime)
    HAL_TIMEx_MasterConfigSynchronization    0x08004eb5   Thumb Code    88  stm32f7xx_hal_tim_ex.o(i.HAL_TIMEx_MasterConfigSynchronization)
    HAL_TIM_Base_Init                        0x08004f15   Thumb Code    54  stm32f7xx_hal_tim.o(i.HAL_TIM_Base_Init)
    HAL_TIM_Base_MspInit                     0x08004f4d   Thumb Code   112  stm32f7xx_hal_msp.o(i.HAL_TIM_Base_MspInit)
    HAL_TIM_Base_Start_IT                    0x08004fd5   Thumb Code    40  stm32f7xx_hal_tim.o(i.HAL_TIM_Base_Start_IT)
    HAL_TIM_ConfigClockSource                0x08005001   Thumb Code   214  stm32f7xx_hal_tim.o(i.HAL_TIM_ConfigClockSource)
    HAL_TIM_IC_CaptureCallback               0x080050dd   Thumb Code     2  stm32f7xx_hal_tim.o(i.HAL_TIM_IC_CaptureCallback)
    HAL_TIM_IRQHandler                       0x080050df   Thumb Code   386  stm32f7xx_hal_tim.o(i.HAL_TIM_IRQHandler)
    HAL_TIM_MspPostInit                      0x08005261   Thumb Code   218  stm32f7xx_hal_msp.o(i.HAL_TIM_MspPostInit)
    HAL_TIM_OC_DelayElapsedCallback          0x08005361   Thumb Code     2  stm32f7xx_hal_tim.o(i.HAL_TIM_OC_DelayElapsedCallback)
    HAL_TIM_PWM_ConfigChannel                0x08005363   Thumb Code   296  stm32f7xx_hal_tim.o(i.HAL_TIM_PWM_ConfigChannel)
    HAL_TIM_PWM_Init                         0x0800548b   Thumb Code    54  stm32f7xx_hal_tim.o(i.HAL_TIM_PWM_Init)
    HAL_TIM_PWM_MspInit                      0x080054c1   Thumb Code    30  stm32f7xx_hal_msp.o(i.HAL_TIM_PWM_MspInit)
    HAL_TIM_PWM_PulseFinishedCallback        0x080054e9   Thumb Code     2  stm32f7xx_hal_tim.o(i.HAL_TIM_PWM_PulseFinishedCallback)
    HAL_TIM_PeriodElapsedCallback            0x080054ed   Thumb Code    14  main.o(i.HAL_TIM_PeriodElapsedCallback)
    HAL_TIM_TriggerCallback                  0x08005501   Thumb Code     2  stm32f7xx_hal_tim.o(i.HAL_TIM_TriggerCallback)
    HAL_UART_Init                            0x08005503   Thumb Code   102  stm32f7xx_hal_uart.o(i.HAL_UART_Init)
    HAL_UART_MspInit                         0x08005569   Thumb Code   186  stm32f7xx_hal_msp.o(i.HAL_UART_MspInit)
    HAL_UART_Transmit                        0x0800563d   Thumb Code   182  stm32f7xx_hal_uart.o(i.HAL_UART_Transmit)
    HardFault_Handler                        0x08005c95   Thumb Code     2  stm32f7xx_it.o(i.HardFault_Handler)
    LCD_STARTSET                             0x08006109   Thumb Code    76  main.o(i.LCD_STARTSET)
    LTDC_IRQHandler                          0x080061d5   Thumb Code     6  stm32f7xx_it.o(i.LTDC_IRQHandler)
    MX_X_CUBE_AI_Init                        0x08006ce5   Thumb Code     4  app_x-cube-ai.o(i.MX_X_CUBE_AI_Init)
    MemManage_Handler                        0x08006ce9   Thumb Code     2  stm32f7xx_it.o(i.MemManage_Handler)
    NMI_Handler                              0x08006ceb   Thumb Code     2  stm32f7xx_it.o(i.NMI_Handler)
    OTG_FS_IRQHandler                        0x08006ced   Thumb Code     6  stm32f7xx_it.o(i.OTG_FS_IRQHandler)
    PendSV_Handler                           0x08006cf9   Thumb Code     2  stm32f7xx_it.o(i.PendSV_Handler)
    RTC_ByteToBcd2                           0x08006d43   Thumb Code    22  stm32f7xx_hal_rtc.o(i.RTC_ByteToBcd2)
    RTC_EnterInitMode                        0x08006d59   Thumb Code    58  stm32f7xx_hal_rtc.o(i.RTC_EnterInitMode)
    SDMMC_CmdAppCommand                      0x08006dd5   Thumb Code    50  stm32f7xx_ll_sdmmc.o(i.SDMMC_CmdAppCommand)
    SDMMC_CmdAppOperCommand                  0x08006e09   Thumb Code    48  stm32f7xx_ll_sdmmc.o(i.SDMMC_CmdAppOperCommand)
    SDMMC_CmdBlockLength                     0x08006e3d   Thumb Code    50  stm32f7xx_ll_sdmmc.o(i.SDMMC_CmdBlockLength)
    SDMMC_CmdBusWidth                        0x08006e6f   Thumb Code    50  stm32f7xx_ll_sdmmc.o(i.SDMMC_CmdBusWidth)
    SDMMC_CmdGoIdleState                     0x08006ea1   Thumb Code    76  stm32f7xx_ll_sdmmc.o(i.SDMMC_CmdGoIdleState)
    SDMMC_CmdOperCond                        0x08006ef1   Thumb Code    94  stm32f7xx_ll_sdmmc.o(i.SDMMC_CmdOperCond)
    SDMMC_CmdSelDesel                        0x08006f55   Thumb Code    48  stm32f7xx_ll_sdmmc.o(i.SDMMC_CmdSelDesel)
    SDMMC_CmdSendCID                         0x08006f85   Thumb Code    42  stm32f7xx_ll_sdmmc.o(i.SDMMC_CmdSendCID)
    SDMMC_CmdSendCSD                         0x08006faf   Thumb Code    46  stm32f7xx_ll_sdmmc.o(i.SDMMC_CmdSendCSD)
    SDMMC_CmdSendSCR                         0x08006fdd   Thumb Code    48  stm32f7xx_ll_sdmmc.o(i.SDMMC_CmdSendSCR)
    SDMMC_CmdSetRelAdd                       0x0800700d   Thumb Code    48  stm32f7xx_ll_sdmmc.o(i.SDMMC_CmdSetRelAdd)
    SDMMC_ConfigData                         0x0800703d   Thumb Code    38  stm32f7xx_ll_sdmmc.o(i.SDMMC_ConfigData)
    SDMMC_GetPowerState                      0x08007295   Thumb Code     8  stm32f7xx_ll_sdmmc.o(i.SDMMC_GetPowerState)
    SDMMC_GetResponse                        0x0800729d   Thumb Code    12  stm32f7xx_ll_sdmmc.o(i.SDMMC_GetResponse)
    SDMMC_Init                               0x080072a9   Thumb Code    34  stm32f7xx_ll_sdmmc.o(i.SDMMC_Init)
    SDMMC_PowerState_ON                      0x080072cb   Thumb Code     8  stm32f7xx_ll_sdmmc.o(i.SDMMC_PowerState_ON)
    SDMMC_ReadFIFO                           0x080072d3   Thumb Code     6  stm32f7xx_ll_sdmmc.o(i.SDMMC_ReadFIFO)
    SDMMC_SendCommand                        0x080072d9   Thumb Code    34  stm32f7xx_ll_sdmmc.o(i.SDMMC_SendCommand)
    SVC_Handler                              0x080075f9   Thumb Code     2  stm32f7xx_it.o(i.SVC_Handler)
    SystemClock_Config                       0x080075fd   Thumb Code   206  main.o(i.SystemClock_Config)
    SystemInit                               0x080076d9   Thumb Code    68  system_stm32f7xx.o(i.SystemInit)
    TIM6_DAC_IRQHandler                      0x0800772d   Thumb Code     6  stm32f7xx_it.o(i.TIM6_DAC_IRQHandler)
    TIM_Base_SetConfig                       0x08007739   Thumb Code   158  stm32f7xx_hal_tim.o(i.TIM_Base_SetConfig)
    TIM_ETR_SetConfig                        0x08007805   Thumb Code    18  stm32f7xx_hal_tim.o(i.TIM_ETR_SetConfig)
    TIM_OC2_SetConfig                        0x0800789d   Thumb Code   108  stm32f7xx_hal_tim.o(i.TIM_OC2_SetConfig)
    TS_IO_Delay                              0x08007adb   Thumb Code     4  stm32746g_discovery.o(i.TS_IO_Delay)
    TS_IO_Init                               0x08007ae1   Thumb Code     6  stm32746g_discovery.o(i.TS_IO_Init)
    TS_IO_Read                               0x08007aed   Thumb Code    34  stm32746g_discovery.o(i.TS_IO_Read)
    TS_IO_Write                              0x08007b15   Thumb Code    26  stm32746g_discovery.o(i.TS_IO_Write)
    UART_AdvFeatureConfig                    0x08007b35   Thumb Code   200  stm32f7xx_hal_uart.o(i.UART_AdvFeatureConfig)
    UART_CheckIdleState                      0x08007bfd   Thumb Code    60  stm32f7xx_hal_uart.o(i.UART_CheckIdleState)
    UART_SetConfig                           0x08007c39   Thumb Code   546  stm32f7xx_hal_uart.o(i.UART_SetConfig)
    UART_WaitOnFlagUntilTimeout              0x08007e8d   Thumb Code    96  stm32f7xx_hal_uart.o(i.UART_WaitOnFlagUntilTimeout)
    USB_CoreInit                             0x08007eed   Thumb Code   104  stm32f7xx_ll_usb.o(i.USB_CoreInit)
    USB_DisableGlobalInt                     0x08007f91   Thumb Code    12  stm32f7xx_ll_usb.o(i.USB_DisableGlobalInt)
    USB_DriveVbus                            0x08007f9d   Thumb Code    44  stm32f7xx_ll_usb.o(i.USB_DriveVbus)
    USB_FlushRxFifo                          0x08007fc9   Thumb Code    28  stm32f7xx_ll_usb.o(i.USB_FlushRxFifo)
    USB_FlushTxFifo                          0x08007fe9   Thumb Code    32  stm32f7xx_ll_usb.o(i.USB_FlushTxFifo)
    USB_GetMode                              0x0800800d   Thumb Code     8  stm32f7xx_ll_usb.o(i.USB_GetMode)
    USB_HC_Halt                              0x08008015   Thumb Code   194  stm32f7xx_ll_usb.o(i.USB_HC_Halt)
    USB_HC_ReadInterrupt                     0x080080d7   Thumb Code     8  stm32f7xx_ll_usb.o(i.USB_HC_ReadInterrupt)
    USB_HostInit                             0x080080e1   Thumb Code   174  stm32f7xx_ll_usb.o(i.USB_HostInit)
    USB_InitFSLSPClkSel                      0x080081a5   Thumb Code    56  stm32f7xx_ll_usb.o(i.USB_InitFSLSPClkSel)
    USB_ReadInterrupts                       0x080081dd   Thumb Code     8  stm32f7xx_ll_usb.o(i.USB_ReadInterrupts)
    USB_ReadPacket                           0x080081e5   Thumb Code    28  stm32f7xx_ll_usb.o(i.USB_ReadPacket)
    USB_SetCurrentMode                       0x08008201   Thumb Code    46  stm32f7xx_ll_usb.o(i.USB_SetCurrentMode)
    UsageFault_Handler                       0x0800822f   Thumb Code     2  stm32f7xx_it.o(i.UsageFault_Handler)
    __0printf                                0x08008231   Thumb Code    22  printfa.o(i.__0printf)
    __1printf                                0x08008231   Thumb Code     0  printfa.o(i.__0printf)
    __2printf                                0x08008231   Thumb Code     0  printfa.o(i.__0printf)
    __c89printf                              0x08008231   Thumb Code     0  printfa.o(i.__0printf)
    printf                                   0x08008231   Thumb Code     0  printfa.o(i.__0printf)
    __ARM_fpclassifyf                        0x08008251   Thumb Code    38  fpclassifyf.o(i.__ARM_fpclassifyf)
    __hardfp_expf                            0x08008391   Thumb Code   426  expf.o(i.__hardfp_expf)
    __mathlib_expf                           0x08008391   Thumb Code     0  expf.o(i.__hardfp_expf)
    __mathlib_flt_infnan                     0x08008579   Thumb Code     6  funder.o(i.__mathlib_flt_infnan)
    __mathlib_flt_overflow                   0x08008581   Thumb Code    10  funder.o(i.__mathlib_flt_overflow)
    __mathlib_flt_underflow                  0x08008591   Thumb Code    10  funder.o(i.__mathlib_flt_underflow)
    __scatterload_copy                       0x080085a1   Thumb Code    14  handlers.o(i.__scatterload_copy)
    __scatterload_null                       0x080085af   Thumb Code     2  handlers.o(i.__scatterload_null)
    __scatterload_zeroinit                   0x080085b1   Thumb Code    14  handlers.o(i.__scatterload_zeroinit)
    __set_errno                              0x080085c1   Thumb Code     6  errno.o(i.__set_errno)
    aiInit                                   0x080091bd   Thumb Code    64  main.o(i.aiInit)
    aiRun                                    0x08009205   Thumb Code    34  main.o(i.aiRun)
    aiValidationInit                         0x0800922d   Thumb Code    34  aivalidation.o(i.aiValidationInit)
    ai_array_get_byte_size                   0x0800928d   Thumb Code    68  ai_datatypes_format.o(i.ai_array_get_byte_size)
    ai_array_to_buffer_fmt                   0x080092d1   Thumb Code   202  ai_datatypes_format.o(i.ai_array_to_buffer_fmt)
    ai_check_custom_types                    0x080093bd   Thumb Code    38  layers.o(i.ai_check_custom_types)
    ai_dict4_dot_array_f32                   0x080093e9   Thumb Code   300  layers_conv2d_generic_float.o(i.ai_dict4_dot_array_f32)
    ai_dict8_dot_array_f32                   0x08009519   Thumb Code   246  layers_conv2d_generic_float.o(i.ai_dict8_dot_array_f32)
    ai_layers_forward_all                    0x08009627   Thumb Code    74  layers.o(i.ai_layers_forward_all)
    ai_network_create                        0x08009671   Thumb Code    20  network.o(i.ai_network_create)
    ai_network_data_weights_get              0x08009689   Thumb Code     4  network_data.o(i.ai_network_data_weights_get)
    ai_network_destroy                       0x08009691   Thumb Code     4  network.o(i.ai_network_destroy)
    ai_network_get_error                     0x08009695   Thumb Code     4  network.o(i.ai_network_get_error)
    ai_network_init                          0x08009699   Thumb Code    98  network.o(i.ai_network_init)
    ai_network_run                           0x08009701   Thumb Code     4  network.o(i.ai_network_run)
    ai_platform_context_acquire              0x08009705   Thumb Code    24  ai_platform_interface.o(i.ai_platform_context_acquire)
    ai_platform_network_create               0x08009721   Thumb Code    96  ai_platform_interface.o(i.ai_platform_network_create)
    ai_platform_network_destroy              0x0800978d   Thumb Code    18  ai_platform_interface.o(i.ai_platform_network_destroy)
    ai_platform_network_get_error            0x080097a1   Thumb Code    24  ai_platform_interface.o(i.ai_platform_network_get_error)
    ai_platform_network_init                 0x080097bd   Thumb Code   126  ai_platform_interface.o(i.ai_platform_network_init)
    ai_platform_network_post_init            0x0800983b   Thumb Code    64  ai_platform_interface.o(i.ai_platform_network_post_init)
    ai_platform_network_process              0x0800987b   Thumb Code    86  ai_platform_interface.o(i.ai_platform_network_process)
    ai_platform_network_set_error            0x080098d1   Thumb Code    12  ai_platform_interface.o(i.ai_platform_network_set_error)
    centralize                               0x08009915   Thumb Code   190  main.o(i.centralize)
    core_get_error                           0x080099dd   Thumb Code    12  core_common.o(i.core_get_error)
    core_init                                0x080099e9   Thumb Code     4  core_common.o(i.core_init)
    core_set_error                           0x080099ed   Thumb Code    26  core_common.o(i.core_set_error)
    dwtCyclesToTime                          0x08009b8d   Thumb Code   136  aitestutility.o(i.dwtCyclesToTime)
    dwtIpInit                                0x08009c19   Thumb Code    34  aitestutility.o(i.dwtIpInit)
    forward_dense                            0x08009c51   Thumb Code   396  layers_conv2d_generic_float.o(i.forward_dense)
    forward_relu                             0x08009de1   Thumb Code   154  layers_nl_generic_float.o(i.forward_relu)
    forward_sm                               0x08009e7b   Thumb Code   108  layers_nl_generic_float.o(i.forward_sm)
    fputc                                    0x08009ee9   Thumb Code    26  aitestutility.o(i.fputc)
    ft5336_Init                              0x08009f25   Thumb Code    16  ft5336.o(i.ft5336_Init)
    ft5336_ReadID                            0x08009f35   Thumb Code    58  ft5336.o(i.ft5336_ReadID)
    ft5336_Reset                             0x08009f6f   Thumb Code     2  ft5336.o(i.ft5336_Reset)
    ft5336_TS_ClearIT                        0x08009f71   Thumb Code     2  ft5336.o(i.ft5336_TS_ClearIT)
    ft5336_TS_DetectTouch                    0x08009f75   Thumb Code    60  ft5336.o(i.ft5336_TS_DetectTouch)
    ft5336_TS_DisableIT                      0x08009fb5   Thumb Code    10  ft5336.o(i.ft5336_TS_DisableIT)
    ft5336_TS_EnableIT                       0x08009fbf   Thumb Code    10  ft5336.o(i.ft5336_TS_EnableIT)
    ft5336_TS_GetGestureID                   0x08009fc9   Thumb Code    30  ft5336.o(i.ft5336_TS_GetGestureID)
    ft5336_TS_GetTouchInfo                   0x08009fe9   Thumb Code   200  ft5336.o(i.ft5336_TS_GetTouchInfo)
    ft5336_TS_GetXY                          0x0800a0b5   Thumb Code   282  ft5336.o(i.ft5336_TS_GetXY)
    ft5336_TS_ITStatus                       0x0800a1d5   Thumb Code     4  ft5336.o(i.ft5336_TS_ITStatus)
    ft5336_TS_Start                          0x0800a1d9   Thumb Code     4  ft5336.o(i.ft5336_TS_Start)
    main                                     0x0800a1dd   Thumb Code   840  main.o(i.main)
    nl_func_relu_array_f32                   0x0800a605   Thumb Code    48  layers_nl_generic_float.o(i.nl_func_relu_array_f32)
    nl_func_relu_generic_array_f32           0x0800a639   Thumb Code   186  layers_nl_generic_float.o(i.nl_func_relu_generic_array_f32)
    nl_func_relu_thresholded_array_f32       0x0800a6f9   Thumb Code    62  layers_nl_generic_float.o(i.nl_func_relu_thresholded_array_f32)
    nl_func_sm_array_f32                     0x0800a73d   Thumb Code    76  layers_nl_generic_float.o(i.nl_func_sm_array_f32)
    nl_func_sm_channel_f32                   0x0800a789   Thumb Code   130  layers_nl_generic_float.o(i.nl_func_sm_channel_f32)
    systemSettingLog                         0x0800a811   Thumb Code   324  aitestutility.o(i.systemSettingLog)
    Font24_Table                             0x08040798   Data        6840  stm32746g_discovery_lcd.o(.constdata)
    Font57_Table                             0x08042250   Data       51072  font57.o(.constdata)
    AHBPrescTable                            0x0804e9d0   Data          16  system_stm32f7xx.o(.constdata)
    APBPrescTable                            0x0804e9e0   Data           8  system_stm32f7xx.o(.constdata)
    Region$$Table$$Base                      0x0804ea38   Number         0  anon$$obj.o(Region$$Table)
    Region$$Table$$Limit                     0x0804ea58   Number         0  anon$$obj.o(Region$$Table)
    numbers_output                           0x200006f0   Data           1  main.o(.data)
    max                                      0x200006f8   Data           4  main.o(.data)
    number                                   0x200006fc   Data           4  main.o(.data)
    clicked                                  0x20000700   Data           4  main.o(.data)
    pre_xloc                                 0x20000704   Data           4  main.o(.data)
    pre_yloc                                 0x20000708   Data           4  main.o(.data)
    writed                                   0x2000070c   Data           4  main.o(.data)
    left                                     0x20000710   Data           4  main.o(.data)
    right                                    0x20000714   Data           4  main.o(.data)
    x_loc                                    0x20000718   Data           4  main.o(.data)
    y_loc                                    0x2000071c   Data           4  main.o(.data)
    leftest                                  0x20000720   Data           4  main.o(.data)
    central                                  0x20000724   Data           4  main.o(.data)
    move                                     0x20000728   Data           4  main.o(.data)
    uwTickFreq                               0x20000768   Data           1  stm32f7xx_hal.o(.data)
    uwTickPrio                               0x2000076c   Data           4  stm32f7xx_hal.o(.data)
    uwTick                                   0x20000770   Data           4  stm32f7xx_hal.o(.data)
    Font24                                   0x20000778   Data           8  stm32746g_discovery_lcd.o(.data)
    ft5336_ts_drv                            0x20000790   Data          40  ft5336.o(.data)
    Font57                                   0x200007c0   Data           8  font57.o(.data)
    SystemCoreClock                          0x200007c8   Data           4  system_stm32f7xx.o(.data)
    __stdout                                 0x200007cc   Data           4  stdout.o(.data)
    data_in                                  0x20000824   Data        3136  main.o(.bss)
    hadc3                                    0x20001464   Data          72  main.o(.bss)
    hcrc                                     0x200014ac   Data          36  main.o(.bss)
    hdcmi                                    0x200014d0   Data          80  main.o(.bss)
    hdma2d                                   0x20001520   Data          64  main.o(.bss)
    hi2c1                                    0x20001560   Data          76  main.o(.bss)
    hi2c3                                    0x200015ac   Data          76  main.o(.bss)
    hltdc                                    0x200015f8   Data         168  main.o(.bss)
    hqspi                                    0x200016a0   Data          76  main.o(.bss)
    hrtc                                     0x200016ec   Data          32  main.o(.bss)
    hsai_BlockA2                             0x2000170c   Data         132  main.o(.bss)
    hsai_BlockB2                             0x20001790   Data         132  main.o(.bss)
    hsd1                                     0x20001814   Data         132  main.o(.bss)
    hspdif                                   0x20001898   Data          76  main.o(.bss)
    hspi2                                    0x200018e4   Data         100  main.o(.bss)
    htim1                                    0x20001948   Data          64  main.o(.bss)
    htim2                                    0x20001988   Data          64  main.o(.bss)
    htim3                                    0x200019c8   Data          64  main.o(.bss)
    htim5                                    0x20001a08   Data          64  main.o(.bss)
    htim8                                    0x20001a48   Data          64  main.o(.bss)
    htim12                                   0x20001a88   Data          64  main.o(.bss)
    huart1                                   0x20001ac8   Data         128  main.o(.bss)
    huart6                                   0x20001b48   Data         128  main.o(.bss)
    hhcd_USB_OTG_FS                          0x20001bc8   Data         708  main.o(.bss)
    hsdram1                                  0x20001e8c   Data          52  main.o(.bss)
    ts                                       0x20001ec0   Data          44  main.o(.bss)
    data_out                                 0x20001eec   Data          40  main.o(.bss)
    htim6                                    0x20002114   Data          64  stm32f7xx_hal_timebase_tim.o(.bss)
    hLtdcHandler                             0x20002270   Data         168  stm32746g_discovery_lcd.o(.bss)
    sdramHandle                              0x20002430   Data          52  stm32746g_discovery_sdram.o(.bss)
    __initial_sp                             0x20002cb8   Data           0  startup_stm32f746xx.o(STACK)



==============================================================================

Memory Map of the image

  Image Entry point : 0x080001c9

  Load Region LR_IROM1 (Base: 0x08000000, Size: 0x0004f22c, Max: 0x00100000, ABSOLUTE, COMPRESSED[0x0004ecd4])

    Execution Region ER_IROM1 (Exec base: 0x08000000, Load base: 0x08000000, Size: 0x0004ea58, Max: 0x00100000, ABSOLUTE)

    Exec Addr    Load Addr    Size         Type   Attr      Idx    E Section Name        Object

    0x08000000   0x08000000   0x000001c8   Data   RO            3    RESET               startup_stm32f746xx.o
    0x080001c8   0x080001c8   0x00000000   Code   RO        10514  * .ARM.Collect$$$$00000000  mc_w.l(entry.o)
    0x080001c8   0x080001c8   0x00000004   Code   RO        10870    .ARM.Collect$$$$00000001  mc_w.l(entry2.o)
    0x080001cc   0x080001cc   0x00000004   Code   RO        10873    .ARM.Collect$$$$00000004  mc_w.l(entry5.o)
    0x080001d0   0x080001d0   0x00000000   Code   RO        10875    .ARM.Collect$$$$00000008  mc_w.l(entry7b.o)
    0x080001d0   0x080001d0   0x00000000   Code   RO        10877    .ARM.Collect$$$$0000000A  mc_w.l(entry8b.o)
    0x080001d0   0x080001d0   0x00000008   Code   RO        10878    .ARM.Collect$$$$0000000B  mc_w.l(entry9a.o)
    0x080001d8   0x080001d8   0x00000000   Code   RO        10880    .ARM.Collect$$$$0000000D  mc_w.l(entry10a.o)
    0x080001d8   0x080001d8   0x00000000   Code   RO        10882    .ARM.Collect$$$$0000000F  mc_w.l(entry11a.o)
    0x080001d8   0x080001d8   0x00000004   Code   RO        10871    .ARM.Collect$$$$00002712  mc_w.l(entry2.o)
    0x080001dc   0x080001dc   0x00000024   Code   RO            4    .text               startup_stm32f746xx.o
    0x08000200   0x08000200   0x00000062   Code   RO        10517    .text               mc_w.l(uldiv.o)
    0x08000262   0x08000262   0x0000001e   Code   RO        10519    .text               mc_w.l(llshl.o)
    0x08000280   0x08000280   0x00000024   Code   RO        10521    .text               mc_w.l(memcpya.o)
    0x080002a4   0x080002a4   0x00000024   Code   RO        10523    .text               mc_w.l(memseta.o)
    0x080002c8   0x080002c8   0x0000001a   Code   RO        10527    .text               mc_w.l(memcmp.o)
    0x080002e2   0x080002e2   0x0000002c   Code   RO        10885    .text               mc_w.l(uidiv.o)
    0x0800030e   0x0800030e   0x00000020   Code   RO        10887    .text               mc_w.l(llushr.o)
    0x0800032e   0x0800032e   0x00000000   Code   RO        10898    .text               mc_w.l(iusefp.o)
    0x0800032e   0x0800032e   0x0000014e   Code   RO        10905    .text               mf_w.l(dadd.o)
    0x0800047c   0x0800047c   0x000000e4   Code   RO        10907    .text               mf_w.l(dmul.o)
    0x08000560   0x08000560   0x000000de   Code   RO        10909    .text               mf_w.l(ddiv.o)
    0x0800063e   0x0800063e   0x00000030   Code   RO        10911    .text               mf_w.l(dfixul.o)
    0x0800066e   0x0800066e   0x00000002   PAD
    0x08000670   0x08000670   0x00000030   Code   RO        10913    .text               mf_w.l(cdrcmple.o)
    0x080006a0   0x080006a0   0x00000024   Code   RO        10917    .text               mc_w.l(init.o)
    0x080006c4   0x080006c4   0x00000024   Code   RO        10919    .text               mc_w.l(llsshr.o)
    0x080006e8   0x080006e8   0x000000ba   Code   RO        10921    .text               mf_w.l(depilogue.o)
    0x080007a2   0x080007a2   0x00000056   Code   RO        10931    .text               mc_w.l(__dczerorl2.o)
    0x080007f8   0x080007f8   0x00000138   Code   RO         2167    i.ADC_Init          stm32f7xx_hal_adc.o
    0x08000930   0x08000930   0x00000038   Code   RO         9270    i.BSP_LCD_Clear     stm32746g_discovery_lcd.o
    0x08000968   0x08000968   0x00000020   Code   RO         9272    i.BSP_LCD_ClockConfig  stm32746g_discovery_lcd.o
    0x08000988   0x08000988   0x00000034   Code   RO         9274    i.BSP_LCD_DisplayChar  stm32746g_discovery_lcd.o
    0x080009bc   0x080009bc   0x00000034   Code   RO         9276    i.BSP_LCD_DisplayOn  stm32746g_discovery_lcd.o
    0x080009f0   0x080009f0   0x000000c8   Code   RO         9277    i.BSP_LCD_DisplayStringAt  stm32746g_discovery_lcd.o
    0x08000ab8   0x08000ab8   0x00000118   Code   RO         9280    i.BSP_LCD_DrawCircle  stm32746g_discovery_lcd.o
    0x08000bd0   0x08000bd0   0x0000007c   Code   RO         9282    i.BSP_LCD_DrawHLine  stm32746g_discovery_lcd.o
    0x08000c4c   0x08000c4c   0x00000064   Code   RO         9284    i.BSP_LCD_DrawPixel  stm32746g_discovery_lcd.o
    0x08000cb0   0x08000cb0   0x00000036   Code   RO         9286    i.BSP_LCD_DrawRect  stm32746g_discovery_lcd.o
    0x08000ce6   0x08000ce6   0x00000002   PAD
    0x08000ce8   0x08000ce8   0x00000088   Code   RO         9287    i.BSP_LCD_DrawVLine  stm32746g_discovery_lcd.o
    0x08000d70   0x08000d70   0x000000c4   Code   RO         9288    i.BSP_LCD_FillCircle  stm32746g_discovery_lcd.o
    0x08000e34   0x08000e34   0x00000020   Code   RO         9295    i.BSP_LCD_GetXSize  stm32746g_discovery_lcd.o
    0x08000e54   0x08000e54   0x00000020   Code   RO         9296    i.BSP_LCD_GetYSize  stm32746g_discovery_lcd.o
    0x08000e74   0x08000e74   0x000000a4   Code   RO         9297    i.BSP_LCD_Init      stm32746g_discovery_lcd.o
    0x08000f18   0x08000f18   0x00000078   Code   RO         9298    i.BSP_LCD_LayerDefaultInit  stm32746g_discovery_lcd.o
    0x08000f90   0x08000f90   0x00000138   Code   RO         9301    i.BSP_LCD_MspInit   stm32746g_discovery_lcd.o
    0x080010c8   0x080010c8   0x0000000c   Code   RO         9306    i.BSP_LCD_SelectLayer  stm32746g_discovery_lcd.o
    0x080010d4   0x080010d4   0x0000001c   Code   RO         9307    i.BSP_LCD_SetBackColor  stm32746g_discovery_lcd.o
    0x080010f0   0x080010f0   0x0000001c   Code   RO         9310    i.BSP_LCD_SetFont   stm32746g_discovery_lcd.o
    0x0800110c   0x0800110c   0x00000018   Code   RO         9317    i.BSP_LCD_SetTextColor  stm32746g_discovery_lcd.o
    0x08001124   0x08001124   0x00000078   Code   RO         9652    i.BSP_SDRAM_Init    stm32746g_discovery_sdram.o
    0x0800119c   0x0800119c   0x0000008c   Code   RO         9653    i.BSP_SDRAM_Initialization_sequence  stm32746g_discovery_sdram.o
    0x08001228   0x08001228   0x00000168   Code   RO         9655    i.BSP_SDRAM_MspInit  stm32746g_discovery_sdram.o
    0x08001390   0x08001390   0x00000170   Code   RO         9734    i.BSP_TS_GetState   stm32746g_discovery_ts.o
    0x08001500   0x08001500   0x0000005c   Code   RO         9735    i.BSP_TS_Get_GestureId  stm32746g_discovery_ts.o
    0x0800155c   0x0800155c   0x0000003c   Code   RO         9739    i.BSP_TS_Init       stm32746g_discovery_ts.o
    0x08001598   0x08001598   0x00000002   Code   RO         1778    i.BusFault_Handler  stm32f7xx_it.o
    0x0800159a   0x0800159a   0x00000002   PAD
    0x0800159c   0x0800159c   0x000000a0   Code   RO         9940    i.CRC_Lock          NetworkRuntime520_CM7_Keil.lib(ai_platform_interface.o)
    0x0800163c   0x0800163c   0x0000000c   Code   RO         1779    i.DMA2D_IRQHandler  stm32f7xx_it.o
    0x08001648   0x08001648   0x00000092   Code   RO         2834    i.DMA2D_SetConfig   stm32f7xx_hal_dma2d.o
    0x080016da   0x080016da   0x00000002   PAD
    0x080016dc   0x080016dc   0x00000028   Code   RO         8421    i.DMA_CalcBaseAndBitshift  stm32f7xx_hal_dma.o
    0x08001704   0x08001704   0x00000054   Code   RO         8422    i.DMA_CheckFifoParam  stm32f7xx_hal_dma.o
    0x08001758   0x08001758   0x00000002   Code   RO         1780    i.DebugMon_Handler  stm32f7xx_it.o
    0x0800175a   0x0800175a   0x00000002   PAD
    0x0800175c   0x0800175c   0x000000b0   Code   RO         9322    i.DrawChar          stm32746g_discovery_lcd.o
    0x0800180c   0x0800180c   0x0000005e   Code   RO         3194    i.FMC_SDRAM_Init    stm32f7xx_ll_fmc.o
    0x0800186a   0x0800186a   0x0000000c   Code   RO         3195    i.FMC_SDRAM_ProgramRefreshRate  stm32f7xx_ll_fmc.o
    0x08001876   0x08001876   0x00000020   Code   RO         3196    i.FMC_SDRAM_SendCommand  stm32f7xx_ll_fmc.o
    0x08001896   0x08001896   0x00000002   PAD
    0x08001898   0x08001898   0x0000008c   Code   RO         3198    i.FMC_SDRAM_Timing_Init  stm32f7xx_ll_fmc.o
    0x08001924   0x08001924   0x00000164   Code   RO         2169    i.HAL_ADC_ConfigChannel  stm32f7xx_hal_adc.o
    0x08001a88   0x08001a88   0x00000054   Code   RO         2178    i.HAL_ADC_Init      stm32f7xx_hal_adc.o
    0x08001adc   0x08001adc   0x00000088   Code   RO         1873    i.HAL_ADC_MspInit   stm32f7xx_hal_msp.o
    0x08001b64   0x08001b64   0x0000004e   Code   RO         2646    i.HAL_CRCEx_Polynomial_Set  stm32f7xx_hal_crc_ex.o
    0x08001bb2   0x08001bb2   0x00000002   PAD
    0x08001bb4   0x08001bb4   0x00000078   Code   RO         2580    i.HAL_CRC_Init      stm32f7xx_hal_crc.o
    0x08001c2c   0x08001c2c   0x00000028   Code   RO         1875    i.HAL_CRC_MspInit   stm32f7xx_hal_msp.o
    0x08001c54   0x08001c54   0x0000008c   Code   RO         2691    i.HAL_DCMI_Init     stm32f7xx_hal_dcmi.o
    0x08001ce0   0x08001ce0   0x00000108   Code   RO         1877    i.HAL_DCMI_MspInit  stm32f7xx_hal_msp.o
    0x08001de8   0x08001de8   0x00000002   Code   RO         2840    i.HAL_DMA2D_CLUTLoadingCpltCallback  stm32f7xx_hal_dma2d.o
    0x08001dea   0x08001dea   0x00000002   PAD
    0x08001dec   0x08001dec   0x000000a0   Code   RO         2846    i.HAL_DMA2D_ConfigLayer  stm32f7xx_hal_dma2d.o
    0x08001e8c   0x08001e8c   0x0000011c   Code   RO         2853    i.HAL_DMA2D_IRQHandler  stm32f7xx_hal_dma2d.o
    0x08001fa8   0x08001fa8   0x0000005a   Code   RO         2854    i.HAL_DMA2D_Init    stm32f7xx_hal_dma2d.o
    0x08002002   0x08002002   0x00000002   Code   RO         2855    i.HAL_DMA2D_LineEventCallback  stm32f7xx_hal_dma2d.o
    0x08002004   0x08002004   0x0000003c   Code   RO         1879    i.HAL_DMA2D_MspInit  stm32f7xx_hal_msp.o
    0x08002040   0x08002040   0x0000010e   Code   RO         2858    i.HAL_DMA2D_PollForTransfer  stm32f7xx_hal_dma2d.o
    0x0800214e   0x0800214e   0x00000034   Code   RO         2861    i.HAL_DMA2D_Start   stm32f7xx_hal_dma2d.o
    0x08002182   0x08002182   0x00000062   Code   RO         8426    i.HAL_DMA_DeInit    stm32f7xx_hal_dma.o
    0x080021e4   0x080021e4   0x000000e4   Code   RO         8430    i.HAL_DMA_Init      stm32f7xx_hal_dma.o
    0x080022c8   0x080022c8   0x00000024   Code   RO         8791    i.HAL_Delay         stm32f7xx_hal.o
    0x080022ec   0x080022ec   0x000000b4   Code   RO         1882    i.HAL_FMC_MspInit   stm32f7xx_hal_msp.o
    0x080023a0   0x080023a0   0x00000184   Code   RO         8355    i.HAL_GPIO_DeInit   stm32f7xx_hal_gpio.o
    0x08002524   0x08002524   0x000001d8   Code   RO         8358    i.HAL_GPIO_Init     stm32f7xx_hal_gpio.o
    0x080026fc   0x080026fc   0x0000000a   Code   RO         8362    i.HAL_GPIO_WritePin  stm32f7xx_hal_gpio.o
    0x08002706   0x08002706   0x00000002   PAD
    0x08002708   0x08002708   0x00000010   Code   RO         8796    i.HAL_GetDEVID      stm32f7xx_hal.o
    0x08002718   0x08002718   0x00000008   Code   RO         8797    i.HAL_GetHalVersion  stm32f7xx_hal.o
    0x08002720   0x08002720   0x0000000c   Code   RO         8798    i.HAL_GetREVID      stm32f7xx_hal.o
    0x0800272c   0x0800272c   0x0000000c   Code   RO         8799    i.HAL_GetTick       stm32f7xx_hal.o
    0x08002738   0x08002738   0x00000002   Code   RO         7535    i.HAL_HCD_Connect_Callback  stm32f7xx_hal_hcd.o
    0x0800273a   0x0800273a   0x00000002   Code   RO         7537    i.HAL_HCD_Disconnect_Callback  stm32f7xx_hal_hcd.o
    0x0800273c   0x0800273c   0x00000002   Code   RO         7546    i.HAL_HCD_HC_NotifyURBChange_Callback  stm32f7xx_hal_hcd.o
    0x0800273e   0x0800273e   0x00000002   PAD
    0x08002740   0x08002740   0x00000132   Code   RO         7548    i.HAL_HCD_IRQHandler  stm32f7xx_hal_hcd.o
    0x08002872   0x08002872   0x00000068   Code   RO         7549    i.HAL_HCD_Init      stm32f7xx_hal_hcd.o
    0x080028da   0x080028da   0x00000002   PAD
    0x080028dc   0x080028dc   0x00000084   Code   RO         1884    i.HAL_HCD_MspInit   stm32f7xx_hal_msp.o
    0x08002960   0x08002960   0x00000002   Code   RO         7552    i.HAL_HCD_PortDisabled_Callback  stm32f7xx_hal_hcd.o
    0x08002962   0x08002962   0x00000002   Code   RO         7553    i.HAL_HCD_PortEnabled_Callback  stm32f7xx_hal_hcd.o
    0x08002964   0x08002964   0x00000002   Code   RO         7555    i.HAL_HCD_SOF_Callback  stm32f7xx_hal_hcd.o
    0x08002966   0x08002966   0x00000058   Code   RO         3942    i.HAL_I2CEx_ConfigAnalogFilter  stm32f7xx_hal_i2c_ex.o
    0x080029be   0x080029be   0x00000054   Code   RO         3943    i.HAL_I2CEx_ConfigDigitalFilter  stm32f7xx_hal_i2c_ex.o
    0x08002a12   0x08002a12   0x00000034   Code   RO         3487    i.HAL_I2C_DeInit    stm32f7xx_hal_i2c.o
    0x08002a46   0x08002a46   0x00000006   Code   RO         3495    i.HAL_I2C_GetState  stm32f7xx_hal_i2c.o
    0x08002a4c   0x08002a4c   0x000000b8   Code   RO         3496    i.HAL_I2C_Init      stm32f7xx_hal_i2c.o
    0x08002b04   0x08002b04   0x00000164   Code   RO         3514    i.HAL_I2C_Mem_Read  stm32f7xx_hal_i2c.o
    0x08002c68   0x08002c68   0x00000158   Code   RO         3517    i.HAL_I2C_Mem_Write  stm32f7xx_hal_i2c.o
    0x08002dc0   0x08002dc0   0x00000048   Code   RO         1885    i.HAL_I2C_MspDeInit  stm32f7xx_hal_msp.o
    0x08002e08   0x08002e08   0x000000b0   Code   RO         1886    i.HAL_I2C_MspInit   stm32f7xx_hal_msp.o
    0x08002eb8   0x08002eb8   0x00000010   Code   RO         8805    i.HAL_IncTick       stm32f7xx_hal.o
    0x08002ec8   0x08002ec8   0x00000016   Code   RO         8806    i.HAL_Init          stm32f7xx_hal.o
    0x08002ede   0x08002ede   0x00000002   PAD
    0x08002ee0   0x08002ee0   0x00000074   Code   RO         2125    i.HAL_InitTick      stm32f7xx_hal_timebase_tim.o
    0x08002f54   0x08002f54   0x00000052   Code   RO         3975    i.HAL_LTDC_ConfigLayer  stm32f7xx_hal_ltdc.o
    0x08002fa6   0x08002fa6   0x00000002   Code   RO         3988    i.HAL_LTDC_ErrorCallback  stm32f7xx_hal_ltdc.o
    0x08002fa8   0x08002fa8   0x00000006   Code   RO         3990    i.HAL_LTDC_GetState  stm32f7xx_hal_ltdc.o
    0x08002fae   0x08002fae   0x000000c8   Code   RO         3991    i.HAL_LTDC_IRQHandler  stm32f7xx_hal_ltdc.o
    0x08003076   0x08003076   0x00000002   PAD
    0x08003078   0x08003078   0x000000f8   Code   RO         3992    i.HAL_LTDC_Init     stm32f7xx_hal_ltdc.o
    0x08003170   0x08003170   0x00000002   Code   RO         3993    i.HAL_LTDC_LineEventCallback  stm32f7xx_hal_ltdc.o
    0x08003172   0x08003172   0x00000002   PAD
    0x08003174   0x08003174   0x0000011c   Code   RO         1888    i.HAL_LTDC_MspInit  stm32f7xx_hal_msp.o
    0x08003290   0x08003290   0x00000002   Code   RO         3998    i.HAL_LTDC_ReloadEventCallback  stm32f7xx_hal_ltdc.o
    0x08003292   0x08003292   0x00000002   PAD
    0x08003294   0x08003294   0x00000030   Code   RO         1889    i.HAL_MspInit       stm32f7xx_hal_msp.o
    0x080032c4   0x080032c4   0x0000001a   Code   RO         2444    i.HAL_NVIC_EnableIRQ  stm32f7xx_hal_cortex.o
    0x080032de   0x080032de   0x00000002   PAD
    0x080032e0   0x080032e0   0x00000040   Code   RO         2450    i.HAL_NVIC_SetPriority  stm32f7xx_hal_cortex.o
    0x08003320   0x08003320   0x00000024   Code   RO         2451    i.HAL_NVIC_SetPriorityGrouping  stm32f7xx_hal_cortex.o
    0x08003344   0x08003344   0x0000006c   Code   RO         8698    i.HAL_PWREx_EnableOverDrive  stm32f7xx_hal_pwr_ex.o
    0x080033b0   0x080033b0   0x00000010   Code   RO         8575    i.HAL_PWR_EnableBkUpAccess  stm32f7xx_hal_pwr.o
    0x080033c0   0x080033c0   0x000000c0   Code   RO         4280    i.HAL_QSPI_Init     stm32f7xx_hal_qspi.o
    0x08003480   0x08003480   0x000000d4   Code   RO         1891    i.HAL_QSPI_MspInit  stm32f7xx_hal_msp.o
    0x08003554   0x08003554   0x00000120   Code   RO         8118    i.HAL_RCCEx_GetPeriphCLKFreq  stm32f7xx_hal_rcc_ex.o
    0x08003674   0x08003674   0x000004fc   Code   RO         8119    i.HAL_RCCEx_PeriphCLKConfig  stm32f7xx_hal_rcc_ex.o
    0x08003b70   0x08003b70   0x0000012c   Code   RO         8012    i.HAL_RCC_ClockConfig  stm32f7xx_hal_rcc.o
    0x08003c9c   0x08003c9c   0x00000040   Code   RO         8016    i.HAL_RCC_GetClockConfig  stm32f7xx_hal_rcc.o
    0x08003cdc   0x08003cdc   0x0000000c   Code   RO         8017    i.HAL_RCC_GetHCLKFreq  stm32f7xx_hal_rcc.o
    0x08003ce8   0x08003ce8   0x00000020   Code   RO         8019    i.HAL_RCC_GetPCLK1Freq  stm32f7xx_hal_rcc.o
    0x08003d08   0x08003d08   0x00000020   Code   RO         8020    i.HAL_RCC_GetPCLK2Freq  stm32f7xx_hal_rcc.o
    0x08003d28   0x08003d28   0x00000064   Code   RO         8021    i.HAL_RCC_GetSysClockFreq  stm32f7xx_hal_rcc.o
    0x08003d8c   0x08003d8c   0x00000338   Code   RO         8024    i.HAL_RCC_OscConfig  stm32f7xx_hal_rcc.o
    0x080040c4   0x080040c4   0x0000005a   Code   RO         4684    i.HAL_RTCEx_SetTimeStamp  stm32f7xx_hal_rtc_ex.o
    0x0800411e   0x0800411e   0x00000002   PAD
    0x08004120   0x08004120   0x000000a0   Code   RO         4529    i.HAL_RTC_Init      stm32f7xx_hal_rtc.o
    0x080041c0   0x080041c0   0x0000001c   Code   RO         1893    i.HAL_RTC_MspInit   stm32f7xx_hal_msp.o
    0x080041dc   0x080041dc   0x0000016a   Code   RO         4533    i.HAL_RTC_SetAlarm  stm32f7xx_hal_rtc.o
    0x08004346   0x08004346   0x00000002   PAD
    0x08004348   0x08004348   0x000000cc   Code   RO         4535    i.HAL_RTC_SetDate   stm32f7xx_hal_rtc.o
    0x08004414   0x08004414   0x000000ec   Code   RO         4536    i.HAL_RTC_SetTime   stm32f7xx_hal_rtc.o
    0x08004500   0x08004500   0x00000036   Code   RO         4537    i.HAL_RTC_WaitForSynchro  stm32f7xx_hal_rtc.o
    0x08004536   0x08004536   0x00000002   PAD
    0x08004538   0x08004538   0x000001e8   Code   RO         4911    i.HAL_SAI_Init      stm32f7xx_hal_sai.o
    0x08004720   0x08004720   0x0000009c   Code   RO         1895    i.HAL_SAI_MspInit   stm32f7xx_hal_msp.o
    0x080047bc   0x080047bc   0x00000042   Code   RO         3335    i.HAL_SDRAM_Init    stm32f7xx_hal_sdram.o
    0x080047fe   0x080047fe   0x00000004   Code   RO         1897    i.HAL_SDRAM_MspInit  stm32f7xx_hal_msp.o
    0x08004802   0x08004802   0x00000022   Code   RO         3338    i.HAL_SDRAM_ProgramRefreshRate  stm32f7xx_hal_sdram.o
    0x08004824   0x08004824   0x00000030   Code   RO         3344    i.HAL_SDRAM_SendCommand  stm32f7xx_hal_sdram.o
    0x08004854   0x08004854   0x00000078   Code   RO         5448    i.HAL_SD_ConfigWideBusOperation  stm32f7xx_hal_sd.o
    0x080048cc   0x080048cc   0x000001fa   Code   RO         5453    i.HAL_SD_GetCardCSD  stm32f7xx_hal_sd.o
    0x08004ac6   0x08004ac6   0x00000036   Code   RO         5460    i.HAL_SD_Init       stm32f7xx_hal_sd.o
    0x08004afc   0x08004afc   0x0000005c   Code   RO         5461    i.HAL_SD_InitCard   stm32f7xx_hal_sd.o
    0x08004b58   0x08004b58   0x00000088   Code   RO         1899    i.HAL_SD_MspInit    stm32f7xx_hal_msp.o
    0x08004be0   0x08004be0   0x00000074   Code   RO         5688    i.HAL_SPDIFRX_Init  stm32f7xx_hal_spdifrx.o
    0x08004c54   0x08004c54   0x00000064   Code   RO         1901    i.HAL_SPDIFRX_MspInit  stm32f7xx_hal_msp.o
    0x08004cb8   0x08004cb8   0x000000c4   Code   RO         5859    i.HAL_SPI_Init      stm32f7xx_hal_spi.o
    0x08004d7c   0x08004d7c   0x00000090   Code   RO         1903    i.HAL_SPI_MspInit   stm32f7xx_hal_msp.o
    0x08004e0c   0x08004e0c   0x00000002   Code   RO         6886    i.HAL_TIMEx_Break2Callback  stm32f7xx_hal_tim_ex.o
    0x08004e0e   0x08004e0e   0x00000002   Code   RO         6887    i.HAL_TIMEx_BreakCallback  stm32f7xx_hal_tim_ex.o
    0x08004e10   0x08004e10   0x00000002   Code   RO         6888    i.HAL_TIMEx_CommutCallback  stm32f7xx_hal_tim_ex.o
    0x08004e12   0x08004e12   0x00000002   PAD
    0x08004e14   0x08004e14   0x000000a0   Code   RO         6890    i.HAL_TIMEx_ConfigBreakDeadTime  stm32f7xx_hal_tim_ex.o
    0x08004eb4   0x08004eb4   0x00000060   Code   RO         6906    i.HAL_TIMEx_MasterConfigSynchronization  stm32f7xx_hal_tim_ex.o
    0x08004f14   0x08004f14   0x00000036   Code   RO         6201    i.HAL_TIM_Base_Init  stm32f7xx_hal_tim.o
    0x08004f4a   0x08004f4a   0x00000002   PAD
    0x08004f4c   0x08004f4c   0x00000088   Code   RO         1905    i.HAL_TIM_Base_MspInit  stm32f7xx_hal_msp.o
    0x08004fd4   0x08004fd4   0x0000002c   Code   RO         6206    i.HAL_TIM_Base_Start_IT  stm32f7xx_hal_tim.o
    0x08005000   0x08005000   0x000000dc   Code   RO         6210    i.HAL_TIM_ConfigClockSource  stm32f7xx_hal_tim.o
    0x080050dc   0x080050dc   0x00000002   Code   RO         6230    i.HAL_TIM_IC_CaptureCallback  stm32f7xx_hal_tim.o
    0x080050de   0x080050de   0x00000182   Code   RO         6244    i.HAL_TIM_IRQHandler  stm32f7xx_hal_tim.o
    0x08005260   0x08005260   0x00000100   Code   RO         1906    i.HAL_TIM_MspPostInit  stm32f7xx_hal_msp.o
    0x08005360   0x08005360   0x00000002   Code   RO         6247    i.HAL_TIM_OC_DelayElapsedCallback  stm32f7xx_hal_tim.o
    0x08005362   0x08005362   0x00000128   Code   RO         6268    i.HAL_TIM_PWM_ConfigChannel  stm32f7xx_hal_tim.o
    0x0800548a   0x0800548a   0x00000036   Code   RO         6271    i.HAL_TIM_PWM_Init  stm32f7xx_hal_tim.o
    0x080054c0   0x080054c0   0x00000028   Code   RO         1908    i.HAL_TIM_PWM_MspInit  stm32f7xx_hal_msp.o
    0x080054e8   0x080054e8   0x00000002   Code   RO         6274    i.HAL_TIM_PWM_PulseFinishedCallback  stm32f7xx_hal_tim.o
    0x080054ea   0x080054ea   0x00000002   PAD
    0x080054ec   0x080054ec   0x00000014   Code   RO         1430    i.HAL_TIM_PeriodElapsedCallback  main.o
    0x08005500   0x08005500   0x00000002   Code   RO         6287    i.HAL_TIM_TriggerCallback  stm32f7xx_hal_tim.o
    0x08005502   0x08005502   0x00000066   Code   RO         7175    i.HAL_UART_Init     stm32f7xx_hal_uart.o
    0x08005568   0x08005568   0x000000d4   Code   RO         1910    i.HAL_UART_MspInit  stm32f7xx_hal_msp.o
    0x0800563c   0x0800563c   0x000000b6   Code   RO         7183    i.HAL_UART_Transmit  stm32f7xx_hal_uart.o
    0x080056f2   0x080056f2   0x00000002   PAD
    0x080056f4   0x080056f4   0x00000234   Code   RO         7558    i.HCD_HC_IN_IRQHandler  stm32f7xx_hal_hcd.o
    0x08005928   0x08005928   0x0000023e   Code   RO         7559    i.HCD_HC_OUT_IRQHandler  stm32f7xx_hal_hcd.o
    0x08005b66   0x08005b66   0x000000b8   Code   RO         7560    i.HCD_Port_IRQHandler  stm32f7xx_hal_hcd.o
    0x08005c1e   0x08005c1e   0x00000002   PAD
    0x08005c20   0x08005c20   0x00000074   Code   RO         7561    i.HCD_RXQLVL_IRQHandler  stm32f7xx_hal_hcd.o
    0x08005c94   0x08005c94   0x00000002   Code   RO         1781    i.HardFault_Handler  stm32f7xx_it.o
    0x08005c96   0x08005c96   0x00000022   Code   RO         3543    i.I2C_Flush_TXDR    stm32f7xx_hal_i2c.o
    0x08005cb8   0x08005cb8   0x00000088   Code   RO         3551    i.I2C_IsAcknowledgeFailed  stm32f7xx_hal_i2c.o
    0x08005d40   0x08005d40   0x00000064   Code   RO         3554    i.I2C_RequestMemoryRead  stm32f7xx_hal_i2c.o
    0x08005da4   0x08005da4   0x00000064   Code   RO         3555    i.I2C_RequestMemoryWrite  stm32f7xx_hal_i2c.o
    0x08005e08   0x08005e08   0x0000002c   Code   RO         3558    i.I2C_TransferConfig  stm32f7xx_hal_i2c.o
    0x08005e34   0x08005e34   0x0000005a   Code   RO         3559    i.I2C_WaitOnFlagUntilTimeout  stm32f7xx_hal_i2c.o
    0x08005e8e   0x08005e8e   0x0000004e   Code   RO         3561    i.I2C_WaitOnSTOPFlagUntilTimeout  stm32f7xx_hal_i2c.o
    0x08005edc   0x08005edc   0x00000052   Code   RO         3562    i.I2C_WaitOnTXISFlagUntilTimeout  stm32f7xx_hal_i2c.o
    0x08005f2e   0x08005f2e   0x00000012   Code   RO         9078    i.I2Cx_Error        stm32746g_discovery.o
    0x08005f40   0x08005f40   0x00000050   Code   RO         9079    i.I2Cx_Init         stm32746g_discovery.o
    0x08005f90   0x08005f90   0x00000124   Code   RO         9080    i.I2Cx_MspInit      stm32746g_discovery.o
    0x080060b4   0x080060b4   0x0000002a   Code   RO         9081    i.I2Cx_ReadMultiple  stm32746g_discovery.o
    0x080060de   0x080060de   0x0000002a   Code   RO         9082    i.I2Cx_WriteMultiple  stm32746g_discovery.o
    0x08006108   0x08006108   0x0000004c   Code   RO         1431    i.LCD_STARTSET      main.o
    0x08006154   0x08006154   0x00000080   Code   RO         9325    i.LL_FillBuffer     stm32746g_discovery_lcd.o
    0x080061d4   0x080061d4   0x0000000c   Code   RO         1782    i.LTDC_IRQHandler   stm32f7xx_it.o
    0x080061e0   0x080061e0   0x000001d0   Code   RO         4011    i.LTDC_SetConfig    stm32f7xx_hal_ltdc.o
    0x080063b0   0x080063b0   0x00000058   Code   RO         1432    i.MX_ADC3_Init      main.o
    0x08006408   0x08006408   0x0000002c   Code   RO         1433    i.MX_DCMI_Init      main.o
    0x08006434   0x08006434   0x00000060   Code   RO         1434    i.MX_FMC_Init       main.o
    0x08006494   0x08006494   0x0000029c   Code   RO         1435    i.MX_GPIO_Init      main.o
    0x08006730   0x08006730   0x00000044   Code   RO         1436    i.MX_I2C1_Init      main.o
    0x08006774   0x08006774   0x00000044   Code   RO         1437    i.MX_I2C3_Init      main.o
    0x080067b8   0x080067b8   0x0000009c   Code   RO         1438    i.MX_LTDC_Init      main.o
    0x08006854   0x08006854   0x000000bc   Code   RO         1439    i.MX_RTC_Init       main.o
    0x08006910   0x08006910   0x00000090   Code   RO         1440    i.MX_SAI2_Init      main.o
    0x080069a0   0x080069a0   0x00000028   Code   RO         1441    i.MX_SPDIFRX_Init   main.o
    0x080069c8   0x080069c8   0x00000040   Code   RO         1442    i.MX_SPI2_Init      main.o
    0x08006a08   0x08006a08   0x00000048   Code   RO         1443    i.MX_TIM12_Init     main.o
    0x08006a50   0x08006a50   0x000000ac   Code   RO         1444    i.MX_TIM1_Init      main.o
    0x08006afc   0x08006afc   0x00000074   Code   RO         1445    i.MX_TIM2_Init      main.o
    0x08006b70   0x08006b70   0x00000078   Code   RO         1446    i.MX_TIM3_Init      main.o
    0x08006be8   0x08006be8   0x00000078   Code   RO         1447    i.MX_TIM5_Init      main.o
    0x08006c60   0x08006c60   0x00000054   Code   RO         1448    i.MX_TIM8_Init      main.o
    0x08006cb4   0x08006cb4   0x00000030   Code   RO         1450    i.MX_USART6_UART_Init  main.o
    0x08006ce4   0x08006ce4   0x00000004   Code   RO         1661    i.MX_X_CUBE_AI_Init  app_x-cube-ai.o
    0x08006ce8   0x08006ce8   0x00000002   Code   RO         1783    i.MemManage_Handler  stm32f7xx_it.o
    0x08006cea   0x08006cea   0x00000002   Code   RO         1784    i.NMI_Handler       stm32f7xx_it.o
    0x08006cec   0x08006cec   0x0000000c   Code   RO         1785    i.OTG_FS_IRQHandler  stm32f7xx_it.o
    0x08006cf8   0x08006cf8   0x00000002   Code   RO         1786    i.PendSV_Handler    stm32f7xx_it.o
    0x08006cfa   0x08006cfa   0x00000048   Code   RO         4305    i.QSPI_WaitFlagStateUntilTimeout  stm32f7xx_hal_qspi.o
    0x08006d42   0x08006d42   0x00000016   Code   RO         4539    i.RTC_ByteToBcd2    stm32f7xx_hal_rtc.o
    0x08006d58   0x08006d58   0x0000003a   Code   RO         4540    i.RTC_EnterInitMode  stm32f7xx_hal_rtc.o
    0x08006d92   0x08006d92   0x00000002   PAD
    0x08006d94   0x08006d94   0x00000040   Code   RO         4931    i.SAI_Disable       stm32f7xx_hal_sai.o
    0x08006dd4   0x08006dd4   0x00000032   Code   RO         5181    i.SDMMC_CmdAppCommand  stm32f7xx_ll_sdmmc.o
    0x08006e06   0x08006e06   0x00000002   PAD
    0x08006e08   0x08006e08   0x00000034   Code   RO         5182    i.SDMMC_CmdAppOperCommand  stm32f7xx_ll_sdmmc.o
    0x08006e3c   0x08006e3c   0x00000032   Code   RO         5183    i.SDMMC_CmdBlockLength  stm32f7xx_ll_sdmmc.o
    0x08006e6e   0x08006e6e   0x00000032   Code   RO         5184    i.SDMMC_CmdBusWidth  stm32f7xx_ll_sdmmc.o
    0x08006ea0   0x08006ea0   0x00000050   Code   RO         5188    i.SDMMC_CmdGoIdleState  stm32f7xx_ll_sdmmc.o
    0x08006ef0   0x08006ef0   0x00000064   Code   RO         5190    i.SDMMC_CmdOperCond  stm32f7xx_ll_sdmmc.o
    0x08006f54   0x08006f54   0x00000030   Code   RO         5195    i.SDMMC_CmdSelDesel  stm32f7xx_ll_sdmmc.o
    0x08006f84   0x08006f84   0x0000002a   Code   RO         5196    i.SDMMC_CmdSendCID  stm32f7xx_ll_sdmmc.o
    0x08006fae   0x08006fae   0x0000002e   Code   RO         5197    i.SDMMC_CmdSendCSD  stm32f7xx_ll_sdmmc.o
    0x08006fdc   0x08006fdc   0x00000030   Code   RO         5198    i.SDMMC_CmdSendSCR  stm32f7xx_ll_sdmmc.o
    0x0800700c   0x0800700c   0x00000030   Code   RO         5200    i.SDMMC_CmdSetRelAdd  stm32f7xx_ll_sdmmc.o
    0x0800703c   0x0800703c   0x00000026   Code   RO         5206    i.SDMMC_ConfigData  stm32f7xx_ll_sdmmc.o
    0x08007062   0x08007062   0x00000002   PAD
    0x08007064   0x08007064   0x0000011c   Code   RO         5207    i.SDMMC_GetCmdResp1  stm32f7xx_ll_sdmmc.o
    0x08007180   0x08007180   0x00000050   Code   RO         5208    i.SDMMC_GetCmdResp2  stm32f7xx_ll_sdmmc.o
    0x080071d0   0x080071d0   0x00000040   Code   RO         5209    i.SDMMC_GetCmdResp3  stm32f7xx_ll_sdmmc.o
    0x08007210   0x08007210   0x00000084   Code   RO         5210    i.SDMMC_GetCmdResp6  stm32f7xx_ll_sdmmc.o
    0x08007294   0x08007294   0x00000008   Code   RO         5214    i.SDMMC_GetPowerState  stm32f7xx_ll_sdmmc.o
    0x0800729c   0x0800729c   0x0000000c   Code   RO         5215    i.SDMMC_GetResponse  stm32f7xx_ll_sdmmc.o
    0x080072a8   0x080072a8   0x00000022   Code   RO         5216    i.SDMMC_Init        stm32f7xx_ll_sdmmc.o
    0x080072ca   0x080072ca   0x00000008   Code   RO         5218    i.SDMMC_PowerState_ON  stm32f7xx_ll_sdmmc.o
    0x080072d2   0x080072d2   0x00000006   Code   RO         5219    i.SDMMC_ReadFIFO    stm32f7xx_ll_sdmmc.o
    0x080072d8   0x080072d8   0x00000022   Code   RO         5220    i.SDMMC_SendCommand  stm32f7xx_ll_sdmmc.o
    0x080072fa   0x080072fa   0x000000d6   Code   RO         5477    i.SD_FindSCR        stm32f7xx_hal_sd.o
    0x080073d0   0x080073d0   0x000000e6   Code   RO         5478    i.SD_InitCard       stm32f7xx_hal_sd.o
    0x080074b6   0x080074b6   0x000000a6   Code   RO         5479    i.SD_PowerON        stm32f7xx_hal_sd.o
    0x0800755c   0x0800755c   0x0000004e   Code   RO         5481    i.SD_WideBus_Disable  stm32f7xx_hal_sd.o
    0x080075aa   0x080075aa   0x0000004e   Code   RO         5482    i.SD_WideBus_Enable  stm32f7xx_hal_sd.o
    0x080075f8   0x080075f8   0x00000002   Code   RO         1787    i.SVC_Handler       stm32f7xx_it.o
    0x080075fa   0x080075fa   0x00000002   PAD
    0x080075fc   0x080075fc   0x000000dc   Code   RO         1451    i.SystemClock_Config  main.o
    0x080076d8   0x080076d8   0x00000054   Code   RO         9906    i.SystemInit        system_stm32f7xx.o
    0x0800772c   0x0800772c   0x0000000c   Code   RO         1788    i.TIM6_DAC_IRQHandler  stm32f7xx_it.o
    0x08007738   0x08007738   0x000000cc   Code   RO         6289    i.TIM_Base_SetConfig  stm32f7xx_hal_tim.o
    0x08007804   0x08007804   0x00000012   Code   RO         6300    i.TIM_ETR_SetConfig  stm32f7xx_hal_tim.o
    0x08007816   0x08007816   0x00000010   Code   RO         6301    i.TIM_ITRx_SetConfig  stm32f7xx_hal_tim.o
    0x08007826   0x08007826   0x00000002   PAD
    0x08007828   0x08007828   0x00000074   Code   RO         6302    i.TIM_OC1_SetConfig  stm32f7xx_hal_tim.o
    0x0800789c   0x0800789c   0x00000078   Code   RO         6303    i.TIM_OC2_SetConfig  stm32f7xx_hal_tim.o
    0x08007914   0x08007914   0x00000078   Code   RO         6304    i.TIM_OC3_SetConfig  stm32f7xx_hal_tim.o
    0x0800798c   0x0800798c   0x00000058   Code   RO         6305    i.TIM_OC4_SetConfig  stm32f7xx_hal_tim.o
    0x080079e4   0x080079e4   0x00000058   Code   RO         6306    i.TIM_OC5_SetConfig  stm32f7xx_hal_tim.o
    0x08007a3c   0x08007a3c   0x00000058   Code   RO         6307    i.TIM_OC6_SetConfig  stm32f7xx_hal_tim.o
    0x08007a94   0x08007a94   0x00000022   Code   RO         6309    i.TIM_TI1_ConfigInputStage  stm32f7xx_hal_tim.o
    0x08007ab6   0x08007ab6   0x00000024   Code   RO         6311    i.TIM_TI2_ConfigInputStage  stm32f7xx_hal_tim.o
    0x08007ada   0x08007ada   0x00000004   Code   RO         9083    i.TS_IO_Delay       stm32746g_discovery.o
    0x08007ade   0x08007ade   0x00000002   PAD
    0x08007ae0   0x08007ae0   0x0000000c   Code   RO         9084    i.TS_IO_Init        stm32746g_discovery.o
    0x08007aec   0x08007aec   0x00000028   Code   RO         9085    i.TS_IO_Read        stm32746g_discovery.o
    0x08007b14   0x08007b14   0x00000020   Code   RO         9086    i.TS_IO_Write       stm32746g_discovery.o
    0x08007b34   0x08007b34   0x000000c8   Code   RO         7188    i.UART_AdvFeatureConfig  stm32f7xx_hal_uart.o
    0x08007bfc   0x08007bfc   0x0000003c   Code   RO         7189    i.UART_CheckIdleState  stm32f7xx_hal_uart.o
    0x08007c38   0x08007c38   0x00000254   Code   RO         7204    i.UART_SetConfig    stm32f7xx_hal_uart.o
    0x08007e8c   0x08007e8c   0x00000060   Code   RO         7207    i.UART_WaitOnFlagUntilTimeout  stm32f7xx_hal_uart.o
    0x08007eec   0x08007eec   0x0000006c   Code   RO         7716    i.USB_CoreInit      stm32f7xx_ll_usb.o
    0x08007f58   0x08007f58   0x00000038   Code   RO         7717    i.USB_CoreReset     stm32f7xx_ll_usb.o
    0x08007f90   0x08007f90   0x0000000c   Code   RO         7724    i.USB_DisableGlobalInt  stm32f7xx_ll_usb.o
    0x08007f9c   0x08007f9c   0x0000002c   Code   RO         7726    i.USB_DriveVbus     stm32f7xx_ll_usb.o
    0x08007fc8   0x08007fc8   0x00000020   Code   RO         7733    i.USB_FlushRxFifo   stm32f7xx_ll_usb.o
    0x08007fe8   0x08007fe8   0x00000024   Code   RO         7734    i.USB_FlushTxFifo   stm32f7xx_ll_usb.o
    0x0800800c   0x0800800c   0x00000008   Code   RO         7738    i.USB_GetMode       stm32f7xx_ll_usb.o
    0x08008014   0x08008014   0x000000c2   Code   RO         7739    i.USB_HC_Halt       stm32f7xx_ll_usb.o
    0x080080d6   0x080080d6   0x00000008   Code   RO         7741    i.USB_HC_ReadInterrupt  stm32f7xx_ll_usb.o
    0x080080de   0x080080de   0x00000002   PAD
    0x080080e0   0x080080e0   0x000000c4   Code   RO         7743    i.USB_HostInit      stm32f7xx_ll_usb.o
    0x080081a4   0x080081a4   0x00000038   Code   RO         7744    i.USB_InitFSLSPClkSel  stm32f7xx_ll_usb.o
    0x080081dc   0x080081dc   0x00000008   Code   RO         7749    i.USB_ReadInterrupts  stm32f7xx_ll_usb.o
    0x080081e4   0x080081e4   0x0000001c   Code   RO         7750    i.USB_ReadPacket    stm32f7xx_ll_usb.o
    0x08008200   0x08008200   0x0000002e   Code   RO         7752    i.USB_SetCurrentMode  stm32f7xx_ll_usb.o
    0x0800822e   0x0800822e   0x00000002   Code   RO         1789    i.UsageFault_Handler  stm32f7xx_it.o
    0x08008230   0x08008230   0x00000020   Code   RO        10766    i.__0printf         mc_w.l(printfa.o)
    0x08008250   0x08008250   0x00000026   Code   RO        10832    i.__ARM_fpclassifyf  m_wm.l(fpclassifyf.o)
    0x08008276   0x08008276   0x00000022   Code   RO         2457    i.__NVIC_SetPriority  stm32f7xx_hal_cortex.o
    0x08008298   0x08008298   0x000000f8   Code   RO         9996    i.__ai_math_dot_array_opt  NetworkRuntime520_CM7_Keil.lib(layers_conv2d_generic_float.o)
    0x08008390   0x08008390   0x000001e8   Code   RO        10402    i.__hardfp_expf     m_wm.l(expf.o)
    0x08008578   0x08008578   0x00000006   Code   RO        10835    i.__mathlib_flt_infnan  m_wm.l(funder.o)
    0x0800857e   0x0800857e   0x00000002   PAD
    0x08008580   0x08008580   0x00000010   Code   RO        10838    i.__mathlib_flt_overflow  m_wm.l(funder.o)
    0x08008590   0x08008590   0x00000010   Code   RO        10840    i.__mathlib_flt_underflow  m_wm.l(funder.o)
    0x080085a0   0x080085a0   0x0000000e   Code   RO        10925    i.__scatterload_copy  mc_w.l(handlers.o)
    0x080085ae   0x080085ae   0x00000002   Code   RO        10926    i.__scatterload_null  mc_w.l(handlers.o)
    0x080085b0   0x080085b0   0x0000000e   Code   RO        10927    i.__scatterload_zeroinit  mc_w.l(handlers.o)
    0x080085be   0x080085be   0x00000002   PAD
    0x080085c0   0x080085c0   0x0000000c   Code   RO        10893    i.__set_errno       mc_w.l(errno.o)
    0x080085cc   0x080085cc   0x00000184   Code   RO        10773    i._fp_digits        mc_w.l(printfa.o)
    0x08008750   0x08008750   0x00000216   Code   RO         9942    i._platform_network_io_bind  NetworkRuntime520_CM7_Keil.lib(ai_platform_interface.o)
    0x08008966   0x08008966   0x00000038   Code   RO         9943    i._platform_network_state_setup  NetworkRuntime520_CM7_Keil.lib(ai_platform_interface.o)
    0x0800899e   0x0800899e   0x0000006c   Code   RO         9944    i._platform_network_state_update_input  NetworkRuntime520_CM7_Keil.lib(ai_platform_interface.o)
    0x08008a0a   0x08008a0a   0x00000080   Code   RO         9945    i._platform_network_state_update_output  NetworkRuntime520_CM7_Keil.lib(ai_platform_interface.o)
    0x08008a8a   0x08008a8a   0x00000002   PAD
    0x08008a8c   0x08008a8c   0x000006dc   Code   RO        10774    i._printf_core      mc_w.l(printfa.o)
    0x08009168   0x08009168   0x00000024   Code   RO        10775    i._printf_post_padding  mc_w.l(printfa.o)
    0x0800918c   0x0800918c   0x0000002e   Code   RO        10776    i._printf_pre_padding  mc_w.l(printfa.o)
    0x080091ba   0x080091ba   0x00000002   PAD
    0x080091bc   0x080091bc   0x00000048   Code   RO         1452    i.aiInit            main.o
    0x08009204   0x08009204   0x00000028   Code   RO         1453    i.aiRun             main.o
    0x0800922c   0x0800922c   0x00000060   Code   RO          727    i.aiValidationInit  aivalidation.o
    0x0800928c   0x0800928c   0x00000044   Code   RO        10189    i.ai_array_get_byte_size  NetworkRuntime520_CM7_Keil.lib(ai_datatypes_format.o)
    0x080092d0   0x080092d0   0x000000ec   Code   RO        10192    i.ai_array_to_buffer_fmt  NetworkRuntime520_CM7_Keil.lib(ai_datatypes_format.o)
    0x080093bc   0x080093bc   0x0000002c   Code   RO        10252    i.ai_check_custom_types  NetworkRuntime520_CM7_Keil.lib(layers.o)
    0x080093e8   0x080093e8   0x00000130   Code   RO        10001    i.ai_dict4_dot_array_f32  NetworkRuntime520_CM7_Keil.lib(layers_conv2d_generic_float.o)
    0x08009518   0x08009518   0x000000fc   Code   RO        10002    i.ai_dict8_dot_array_f32  NetworkRuntime520_CM7_Keil.lib(layers_conv2d_generic_float.o)
    0x08009614   0x08009614   0x00000012   Code   RO        10253    i.ai_forward_layer  NetworkRuntime520_CM7_Keil.lib(layers.o)
    0x08009626   0x08009626   0x0000004a   Code   RO        10256    i.ai_layers_forward_all  NetworkRuntime520_CM7_Keil.lib(layers.o)
    0x08009670   0x08009670   0x00000018   Code   RO           10    i.ai_network_create  network.o
    0x08009688   0x08009688   0x00000008   Code   RO          260    i.ai_network_data_weights_get  network_data.o
    0x08009690   0x08009690   0x00000004   Code   RO           11    i.ai_network_destroy  network.o
    0x08009694   0x08009694   0x00000004   Code   RO           13    i.ai_network_get_error  network.o
    0x08009698   0x08009698   0x00000068   Code   RO           15    i.ai_network_init   network.o
    0x08009700   0x08009700   0x00000004   Code   RO           16    i.ai_network_run    network.o
    0x08009704   0x08009704   0x0000001c   Code   RO         9949    i.ai_platform_context_acquire  NetworkRuntime520_CM7_Keil.lib(ai_platform_interface.o)
    0x08009720   0x08009720   0x0000006c   Code   RO         9952    i.ai_platform_network_create  NetworkRuntime520_CM7_Keil.lib(ai_platform_interface.o)
    0x0800978c   0x0800978c   0x00000012   Code   RO         9953    i.ai_platform_network_destroy  NetworkRuntime520_CM7_Keil.lib(ai_platform_interface.o)
    0x0800979e   0x0800979e   0x00000002   PAD
    0x080097a0   0x080097a0   0x0000001c   Code   RO         9954    i.ai_platform_network_get_error  NetworkRuntime520_CM7_Keil.lib(ai_platform_interface.o)
    0x080097bc   0x080097bc   0x0000007e   Code   RO         9955    i.ai_platform_network_init  NetworkRuntime520_CM7_Keil.lib(ai_platform_interface.o)
    0x0800983a   0x0800983a   0x00000040   Code   RO         9956    i.ai_platform_network_post_init  NetworkRuntime520_CM7_Keil.lib(ai_platform_interface.o)
    0x0800987a   0x0800987a   0x00000056   Code   RO         9957    i.ai_platform_network_process  NetworkRuntime520_CM7_Keil.lib(ai_platform_interface.o)
    0x080098d0   0x080098d0   0x0000000c   Code   RO         9958    i.ai_platform_network_set_error  NetworkRuntime520_CM7_Keil.lib(ai_platform_interface.o)
    0x080098dc   0x080098dc   0x0000001a   Code   RO        10035    i.ai_shape_get_size  NetworkRuntime520_CM7_Keil.lib(layers_nl_generic_float.o)
    0x080098f6   0x080098f6   0x00000002   PAD
    0x080098f8   0x080098f8   0x0000001c   Code   RO         1321    i.bitToStr          aitestutility.o
    0x08009914   0x08009914   0x000000c8   Code   RO         1454    i.centralize        main.o
    0x080099dc   0x080099dc   0x0000000c   Code   RO        10264    i.core_get_error    NetworkRuntime520_CM7_Keil.lib(core_common.o)
    0x080099e8   0x080099e8   0x00000004   Code   RO        10265    i.core_init         NetworkRuntime520_CM7_Keil.lib(core_common.o)
    0x080099ec   0x080099ec   0x0000001a   Code   RO        10266    i.core_set_error    NetworkRuntime520_CM7_Keil.lib(core_common.o)
    0x08009a06   0x08009a06   0x00000002   PAD
    0x08009a08   0x08009a08   0x00000184   Code   RO         1322    i.devIdToStr        aitestutility.o
    0x08009b8c   0x08009b8c   0x0000008c   Code   RO         1324    i.dwtCyclesToTime   aitestutility.o
    0x08009c18   0x08009c18   0x00000038   Code   RO         1325    i.dwtIpInit         aitestutility.o
    0x08009c50   0x08009c50   0x00000190   Code   RO        10010    i.forward_dense     NetworkRuntime520_CM7_Keil.lib(layers_conv2d_generic_float.o)
    0x08009de0   0x08009de0   0x0000009a   Code   RO        10057    i.forward_relu      NetworkRuntime520_CM7_Keil.lib(layers_nl_generic_float.o)
    0x08009e7a   0x08009e7a   0x0000006c   Code   RO        10066    i.forward_sm        NetworkRuntime520_CM7_Keil.lib(layers_nl_generic_float.o)
    0x08009ee6   0x08009ee6   0x00000002   PAD
    0x08009ee8   0x08009ee8   0x00000024   Code   RO         1326    i.fputc             aitestutility.o
    0x08009f0c   0x08009f0c   0x00000018   Code   RO         9799    i.ft5336_I2C_InitializeIfRequired  ft5336.o
    0x08009f24   0x08009f24   0x00000010   Code   RO         9800    i.ft5336_Init       ft5336.o
    0x08009f34   0x08009f34   0x0000003a   Code   RO         9801    i.ft5336_ReadID     ft5336.o
    0x08009f6e   0x08009f6e   0x00000002   Code   RO         9802    i.ft5336_Reset      ft5336.o
    0x08009f70   0x08009f70   0x00000002   Code   RO         9803    i.ft5336_TS_ClearIT  ft5336.o
    0x08009f72   0x08009f72   0x00000002   PAD
    0x08009f74   0x08009f74   0x00000040   Code   RO         9804    i.ft5336_TS_DetectTouch  ft5336.o
    0x08009fb4   0x08009fb4   0x0000000a   Code   RO         9805    i.ft5336_TS_DisableIT  ft5336.o
    0x08009fbe   0x08009fbe   0x0000000a   Code   RO         9806    i.ft5336_TS_EnableIT  ft5336.o
    0x08009fc8   0x08009fc8   0x0000001e   Code   RO         9807    i.ft5336_TS_GetGestureID  ft5336.o
    0x08009fe6   0x08009fe6   0x00000002   PAD
    0x08009fe8   0x08009fe8   0x000000cc   Code   RO         9808    i.ft5336_TS_GetTouchInfo  ft5336.o
    0x0800a0b4   0x0800a0b4   0x00000120   Code   RO         9809    i.ft5336_TS_GetXY   ft5336.o
    0x0800a1d4   0x0800a1d4   0x00000004   Code   RO         9810    i.ft5336_TS_ITStatus  ft5336.o
    0x0800a1d8   0x0800a1d8   0x00000004   Code   RO         9811    i.ft5336_TS_Start   ft5336.o
    0x0800a1dc   0x0800a1dc   0x00000388   Code   RO         1455    i.main              main.o
    0x0800a564   0x0800a564   0x000000a0   Code   RO           17    i.network_configure_weights  network.o
    0x0800a604   0x0800a604   0x00000034   Code   RO        10093    i.nl_func_relu_array_f32  NetworkRuntime520_CM7_Keil.lib(layers_nl_generic_float.o)
    0x0800a638   0x0800a638   0x000000c0   Code   RO        10094    i.nl_func_relu_generic_array_f32  NetworkRuntime520_CM7_Keil.lib(layers_nl_generic_float.o)
    0x0800a6f8   0x0800a6f8   0x00000044   Code   RO        10095    i.nl_func_relu_thresholded_array_f32  NetworkRuntime520_CM7_Keil.lib(layers_nl_generic_float.o)
    0x0800a73c   0x0800a73c   0x0000004c   Code   RO        10103    i.nl_func_sm_array_f32  NetworkRuntime520_CM7_Keil.lib(layers_nl_generic_float.o)
    0x0800a788   0x0800a788   0x00000088   Code   RO        10104    i.nl_func_sm_channel_f32  NetworkRuntime520_CM7_Keil.lib(layers_nl_generic_float.o)
    0x0800a810   0x0800a810   0x000002f8   Code   RO         1334    i.systemSettingLog  aitestutility.o
    0x0800ab08   0x0800ab08   0x00000008   Data   RO           22    .constdata          network.o
    0x0800ab10   0x0800ab10   0x00000008   Data   RO           23    .constdata          network.o
    0x0800ab18   0x0800ab18   0x00000008   Data   RO           24    .constdata          network.o
    0x0800ab20   0x0800ab20   0x00000008   Data   RO           25    .constdata          network.o
    0x0800ab28   0x0800ab28   0x00000008   Data   RO           26    .constdata          network.o
    0x0800ab30   0x0800ab30   0x00000008   Data   RO           27    .constdata          network.o
    0x0800ab38   0x0800ab38   0x00035c28   Data   RO          261    .constdata          network_data.o
    0x08040760   0x08040760   0x00000030   Data   RO         1461    .constdata          main.o
    0x08040790   0x08040790   0x00000008   Data   RO         8436    .constdata          stm32f7xx_hal_dma.o
    0x08040798   0x08040798   0x00001ab8   Data   RO         9327    .constdata          stm32746g_discovery_lcd.o
    0x08042250   0x08042250   0x0000c780   Data   RO         9892    .constdata          font57.o
    0x0804e9d0   0x0804e9d0   0x00000010   Data   RO         9907    .constdata          system_stm32f7xx.o
    0x0804e9e0   0x0804e9e0   0x00000008   Data   RO         9908    .constdata          system_stm32f7xx.o
    0x0804e9e8   0x0804e9e8   0x00000020   Data   RO         9966    .constdata          NetworkRuntime520_CM7_Keil.lib(ai_platform_interface.o)
    0x0804ea08   0x0804ea08   0x00000030   Data   RO        10405    .constdata          m_wm.l(expf.o)
    0x0804ea38   0x0804ea38   0x00000020   Data   RO        10923    Region$$Table       anon$$obj.o


    Execution Region RW_IRAM1 (Exec base: 0x20000000, Load base: 0x0804ea58, Size: 0x00002cb8, Max: 0x00050000, ABSOLUTE, COMPRESSED[0x0000027c])

    Exec Addr    Load Addr    Size         Type   Attr      Idx    E Section Name        Object

    0x20000000   COMPRESSED   0x00000010   Data   RW           30    .data               network.o
    0x20000010   COMPRESSED   0x00000010   Data   RW           31    .data               network.o
    0x20000020   COMPRESSED   0x00000010   Data   RW           32    .data               network.o
    0x20000030   COMPRESSED   0x00000010   Data   RW           33    .data               network.o
    0x20000040   COMPRESSED   0x00000010   Data   RW           34    .data               network.o
    0x20000050   COMPRESSED   0x00000010   Data   RW           35    .data               network.o
    0x20000060   COMPRESSED   0x00000010   Data   RW           36    .data               network.o
    0x20000070   COMPRESSED   0x00000010   Data   RW           37    .data               network.o
    0x20000080   COMPRESSED   0x00000010   Data   RW           38    .data               network.o
    0x20000090   COMPRESSED   0x00000010   Data   RW           39    .data               network.o
    0x200000a0   COMPRESSED   0x00000010   Data   RW           40    .data               network.o
    0x200000b0   COMPRESSED   0x00000010   Data   RW           41    .data               network.o
    0x200000c0   COMPRESSED   0x00000010   Data   RW           42    .data               network.o
    0x200000d0   COMPRESSED   0x00000010   Data   RW           43    .data               network.o
    0x200000e0   COMPRESSED   0x00000010   Data   RW           44    .data               network.o
    0x200000f0   COMPRESSED   0x00000010   Data   RW           45    .data               network.o
    0x20000100   COMPRESSED   0x00000010   Data   RW           46    .data               network.o
    0x20000110   COMPRESSED   0x00000010   Data   RW           47    .data               network.o
    0x20000120   COMPRESSED   0x00000010   Data   RW           48    .data               network.o
    0x20000130   COMPRESSED   0x00000010   Data   RW           49    .data               network.o
    0x20000140   COMPRESSED   0x00000010   Data   RW           50    .data               network.o
    0x20000150   COMPRESSED   0x00000010   Data   RW           51    .data               network.o
    0x20000160   COMPRESSED   0x00000010   Data   RW           52    .data               network.o
    0x20000170   COMPRESSED   0x00000010   Data   RW           53    .data               network.o
    0x20000180   COMPRESSED   0x00000010   Data   RW           54    .data               network.o
    0x20000190   COMPRESSED   0x00000010   Data   RW           55    .data               network.o
    0x200001a0   COMPRESSED   0x00000010   Data   RW           56    .data               network.o
    0x200001b0   COMPRESSED   0x00000010   Data   RW           57    .data               network.o
    0x200001c0   COMPRESSED   0x00000004   Data   RW           58    .data               network.o
    0x200001c4   COMPRESSED   0x00000004   Data   RW           59    .data               network.o
    0x200001c8   COMPRESSED   0x00000008   Data   RW           60    .data               network.o
    0x200001d0   COMPRESSED   0x00000004   Data   RW           61    .data               network.o
    0x200001d4   COMPRESSED   0x00000030   Data   RW           62    .data               network.o
    0x20000204   COMPRESSED   0x00000004   Data   RW           63    .data               network.o
    0x20000208   COMPRESSED   0x00000004   Data   RW           64    .data               network.o
    0x2000020c   COMPRESSED   0x00000004   Data   RW           65    .data               network.o
    0x20000210   COMPRESSED   0x00000004   Data   RW           66    .data               network.o
    0x20000214   COMPRESSED   0x00000030   Data   RW           67    .data               network.o
    0x20000244   COMPRESSED   0x00000004   Data   RW           68    .data               network.o
    0x20000248   COMPRESSED   0x00000004   Data   RW           69    .data               network.o
    0x2000024c   COMPRESSED   0x00000008   Data   RW           70    .data               network.o
    0x20000254   COMPRESSED   0x00000004   Data   RW           71    .data               network.o
    0x20000258   COMPRESSED   0x00000030   Data   RW           72    .data               network.o
    0x20000288   COMPRESSED   0x00000004   Data   RW           73    .data               network.o
    0x2000028c   COMPRESSED   0x00000004   Data   RW           74    .data               network.o
    0x20000290   COMPRESSED   0x00000004   Data   RW           75    .data               network.o
    0x20000294   COMPRESSED   0x00000004   Data   RW           76    .data               network.o
    0x20000298   COMPRESSED   0x00000030   Data   RW           77    .data               network.o
    0x200002c8   COMPRESSED   0x00000004   Data   RW           78    .data               network.o
    0x200002cc   COMPRESSED   0x00000004   Data   RW           79    .data               network.o
    0x200002d0   COMPRESSED   0x00000008   Data   RW           80    .data               network.o
    0x200002d8   COMPRESSED   0x00000004   Data   RW           81    .data               network.o
    0x200002dc   COMPRESSED   0x00000030   Data   RW           82    .data               network.o
    0x2000030c   COMPRESSED   0x00000004   Data   RW           83    .data               network.o
    0x20000310   COMPRESSED   0x00000004   Data   RW           84    .data               network.o
    0x20000314   COMPRESSED   0x00000004   Data   RW           85    .data               network.o
    0x20000318   COMPRESSED   0x00000004   Data   RW           86    .data               network.o
    0x2000031c   COMPRESSED   0x00000030   Data   RW           87    .data               network.o
    0x2000034c   COMPRESSED   0x00000004   Data   RW           88    .data               network.o
    0x20000350   COMPRESSED   0x00000008   Data   RW           89    .data               network.o
    0x20000358   COMPRESSED   0x0000000c   Data   RW           90    .data               network.o
    0x20000364   COMPRESSED   0x00000004   Data   RW           91    .data               network.o
    0x20000368   COMPRESSED   0x00000008   Data   RW           92    .data               network.o
    0x20000370   COMPRESSED   0x0000000c   Data   RW           93    .data               network.o
    0x2000037c   COMPRESSED   0x00000018   Data   RW           94    .data               network.o
    0x20000394   COMPRESSED   0x00000130   Data   RW           95    .data               network.o
    0x200004c4   COMPRESSED   0x0000001c   Data   RW           96    .data               network.o
    0x200004e0   COMPRESSED   0x0000001c   Data   RW           97    .data               network.o
    0x200004fc   COMPRESSED   0x0000001c   Data   RW           98    .data               network.o
    0x20000518   COMPRESSED   0x0000001c   Data   RW           99    .data               network.o
    0x20000534   COMPRESSED   0x0000001c   Data   RW          100    .data               network.o
    0x20000550   COMPRESSED   0x0000001c   Data   RW          101    .data               network.o
    0x2000056c   COMPRESSED   0x0000001c   Data   RW          102    .data               network.o
    0x20000588   COMPRESSED   0x0000001c   Data   RW          103    .data               network.o
    0x200005a4   COMPRESSED   0x0000001c   Data   RW          104    .data               network.o
    0x200005c0   COMPRESSED   0x0000001c   Data   RW          105    .data               network.o
    0x200005dc   COMPRESSED   0x0000001c   Data   RW          106    .data               network.o
    0x200005f8   COMPRESSED   0x0000001c   Data   RW          107    .data               network.o
    0x20000614   COMPRESSED   0x0000001c   Data   RW          108    .data               network.o
    0x20000630   COMPRESSED   0x0000001c   Data   RW          109    .data               network.o
    0x2000064c   COMPRESSED   0x00000018   Data   RW          110    .data               network.o
    0x20000664   COMPRESSED   0x0000001c   Data   RW          111    .data               network.o
    0x20000680   COMPRESSED   0x00000018   Data   RW          112    .data               network.o
    0x20000698   COMPRESSED   0x0000001c   Data   RW          113    .data               network.o
    0x200006b4   COMPRESSED   0x00000018   Data   RW          114    .data               network.o
    0x200006cc   COMPRESSED   0x0000001c   Data   RW          115    .data               network.o
    0x200006e8   COMPRESSED   0x00000008   Data   RW         1337    .data               aitestutility.o
    0x200006f0   COMPRESSED   0x0000006c   Data   RW         1462    .data               main.o
    0x2000075c   COMPRESSED   0x0000000c   Data   RW         1911    .data               stm32f7xx_hal_msp.o
    0x20000768   COMPRESSED   0x0000000c   Data   RW         8813    .data               stm32f7xx_hal.o
    0x20000774   COMPRESSED   0x0000000c   Data   RW         9332    .data               stm32746g_discovery_lcd.o
    0x20000780   COMPRESSED   0x00000002   Data   RW         9662    .data               stm32746g_discovery_sdram.o
    0x20000782   COMPRESSED   0x00000002   PAD
    0x20000784   COMPRESSED   0x0000000c   Data   RW         9742    .data               stm32746g_discovery_ts.o
    0x20000790   COMPRESSED   0x00000028   Data   RW         9812    .data               ft5336.o
    0x200007b8   COMPRESSED   0x00000005   Data   RW         9813    .data               ft5336.o
    0x200007bd   COMPRESSED   0x00000003   PAD
    0x200007c0   COMPRESSED   0x00000008   Data   RW         9893    .data               font57.o
    0x200007c8   COMPRESSED   0x00000004   Data   RW         9909    .data               system_stm32f7xx.o
    0x200007cc   COMPRESSED   0x00000004   Data   RW        10884    .data               mc_w.l(stdout.o)
    0x200007d0   COMPRESSED   0x00000004   Data   RW        10894    .data               mc_w.l(errno.o)
    0x200007d4        -       0x00000018   Zero   RW           18    .bss                network.o
    0x200007ec        -       0x00000010   Zero   RW           19    .bss                network.o
    0x200007fc        -       0x00000018   Zero   RW           20    .bss                network.o
    0x20000814        -       0x00000010   Zero   RW           21    .bss                network.o
    0x20000824        -       0x000016f0   Zero   RW         1456    .bss                main.o
    0x20001f14        -       0x00000200   Zero   RW         1460    .bss                main.o
    0x20002114        -       0x00000040   Zero   RW         2128    .bss                stm32f7xx_hal_timebase_tim.o
    0x20002154        -       0x00000098   Zero   RW         9087    .bss                stm32746g_discovery.o
    0x200021ec        -       0x00000184   Zero   RW         9326    .bss                stm32746g_discovery_lcd.o
    0x20002370        -       0x00000120   Zero   RW         9661    .bss                stm32746g_discovery_sdram.o
    0x20002490        -       0x00000028   Zero   RW         9741    .bss                stm32746g_discovery_ts.o
    0x200024b8        -       0x00000800   Zero   RW            1    STACK               startup_stm32f746xx.o


==============================================================================

Image component sizes


      Code (inc. data)   RO Data    RW Data    ZI Data      Debug   Object Name

         0          0          0          0          0     996592   aipbio.o
         0          0          0          0          0       1228   aitesthelper.o
      1408        730          0          8          0       6571   aitestutility.o
        96         62          0          0          0        535   aivalidation.o
         4          0          0          0          0        468   app_x-cube-ai.o
         0          0      51072          8          0        630   font57.o
       716         38          0         45          0      18115   ft5336.o
      3888        322         48        108       6384      65663   main.o
       300         28         48       1768         80      50603   network.o
         8          4     220200          0          0       9462   network_data.o
        36          8        456          0       2048        848   startup_stm32f746xx.o
       562         60          0          0        152       9152   stm32746g_discovery.o
      2338        220       6840         12        388      27483   stm32746g_discovery_lcd.o
       620         56          0          2        288       5288   stm32746g_discovery_sdram.o
       520         22          0         12         40       4175   stm32746g_discovery_ts.o
       122         28          0         12          0      10076   stm32f7xx_hal.o
       752         32          0          0          0       2903   stm32f7xx_hal_adc.o
       160         12          0          0          0      38246   stm32f7xx_hal_cortex.o
       120          6          0          0          0       1183   stm32f7xx_hal_crc.o
        78          0          0          0          0       1295   stm32f7xx_hal_crc_ex.o
       140          6          0          0          0       1164   stm32f7xx_hal_dcmi.o
       450         12          8          0          0       3740   stm32f7xx_hal_dma.o
      1006          4          0          0          0       7356   stm32f7xx_hal_dma2d.o
       870        102          0          0          0       3594   stm32f7xx_hal_gpio.o
      1860          6          0          0          0       9941   stm32f7xx_hal_hcd.o
      1606         38          0          0          0      13234   stm32f7xx_hal_i2c.o
       172          0          0          0          0       1995   stm32f7xx_hal_i2c_ex.o
      1006          6          0          0          0       6306   stm32f7xx_hal_ltdc.o
      2816        376          0         12          0      15886   stm32f7xx_hal_msp.o
        16          4          0          0          0        555   stm32f7xx_hal_pwr.o
       108          8          0          0          0       1288   stm32f7xx_hal_pwr_ex.o
       264          8          0          0          0       2782   stm32f7xx_hal_qspi.o
      1364         82          0          0          0       6369   stm32f7xx_hal_rcc.o
      1564         36          0          0          0       3349   stm32f7xx_hal_rcc_ex.o
      1096         14          0          0          0       6775   stm32f7xx_hal_rtc.o
        90          0          0          0          0       1293   stm32f7xx_hal_rtc_ex.o
       552         22          0          0          0       2587   stm32f7xx_hal_sai.o
      1538          0          0          0          0       8532   stm32f7xx_hal_sd.o
       148          0          0          0          0       2764   stm32f7xx_hal_sdram.o
       116          4          0          0          0       1323   stm32f7xx_hal_spdifrx.o
       196          0          0          0          0       1287   stm32f7xx_hal_spi.o
      1990        134          0          0          0      16460   stm32f7xx_hal_tim.o
       262         18          0          0          0       4028   stm32f7xx_hal_tim_ex.o
       116         16          0          0         64       1435   stm32f7xx_hal_timebase_tim.o
      1236         70          0          0          0       6281   stm32f7xx_hal_uart.o
        64         24          0          0          0       5599   stm32f7xx_it.o
       278          6          0          0          0       3432   stm32f7xx_ll_fmc.o
      1314         36          0          0          0      17944   stm32f7xx_ll_sdmmc.o
       832         40          0          0          0      11156   stm32f7xx_ll_usb.o
        84         16         24          4          0       1259   system_stm32f7xx.o

    ----------------------------------------------------------------------
     34946       2716     278728       1996       9444    1420230   Object Totals
         0          0         32          0          0          0   (incl. Generated)
        64          0          0          5          0          0   (incl. Padding)

    ----------------------------------------------------------------------

      Code (inc. data)   RO Data    RW Data    ZI Data      Debug   Library Member Name

       304         34          0          0          0        256   ai_datatypes_format.o
      1456         50         32          0          0       1680   ai_platform_interface.o
        42          0          0          0          0        348   core_common.o
       136          6          0          0          0        376   layers.o
      1204         18          0          0          0        544   layers_conv2d_generic_float.o
       812         22          0          0          0       1068   layers_nl_generic_float.o
       488         62         48          0          0        236   expf.o
        38          0          0          0          0        116   fpclassifyf.o
        38         12          0          0          0        348   funder.o
        86          0          0          0          0          0   __dczerorl2.o
         0          0          0          0          0          0   entry.o
         0          0          0          0          0          0   entry10a.o
         0          0          0          0          0          0   entry11a.o
         8          4          0          0          0          0   entry2.o
         4          0          0          0          0          0   entry5.o
         0          0          0          0          0          0   entry7b.o
         0          0          0          0          0          0   entry8b.o
         8          4          0          0          0          0   entry9a.o
        12          6          0          4          0         68   errno.o
        30          0          0          0          0          0   handlers.o
        36          8          0          0          0         68   init.o
         0          0          0          0          0          0   iusefp.o
        30          0          0          0          0         68   llshl.o
        36          0          0          0          0         68   llsshr.o
        32          0          0          0          0         68   llushr.o
        26          0          0          0          0         80   memcmp.o
        36          0          0          0          0         68   memcpya.o
        36          0          0          0          0        108   memseta.o
      2258         90          0          0          0        452   printfa.o
         0          0          0          4          0          0   stdout.o
        44          0          0          0          0         80   uidiv.o
        98          0          0          0          0         92   uldiv.o
        48          0          0          0          0         68   cdrcmple.o
       334          0          0          0          0        148   dadd.o
       222          0          0          0          0        100   ddiv.o
       186          0          0          0          0        176   depilogue.o
        48          0          0          0          0         68   dfixul.o
       228          0          0          0          0         96   dmul.o

    ----------------------------------------------------------------------
      8382        316         80          8          0       6848   Library Totals
        18          0          0          0          0          0   (incl. Padding)

    ----------------------------------------------------------------------

      Code (inc. data)   RO Data    RW Data    ZI Data      Debug   Library Name

      3954        130         32          0          0       4272   NetworkRuntime520_CM7_Keil.lib
       564         74         48          0          0        700   m_wm.l
      2780        112          0          8          0       1220   mc_w.l
      1066          0          0          0          0        656   mf_w.l

    ----------------------------------------------------------------------
      8382        316         80          8          0       6848   Library Totals

    ----------------------------------------------------------------------

==============================================================================


      Code (inc. data)   RO Data    RW Data    ZI Data      Debug   

     43328       3032     278808       2004       9444    1393726   Grand Totals
     43328       3032     278808        636       9444    1393726   ELF Image Totals (compressed)
     43328       3032     278808        636          0          0   ROM Totals

==============================================================================

    Total RO  Size (Code + RO Data)               322136 ( 314.59kB)
    Total RW  Size (RW Data + ZI Data)             11448 (  11.18kB)
    Total ROM Size (Code + RO Data + RW Data)     322772 ( 315.21kB)

==============================================================================

